Archive member included to satisfy reference by file (symbol)

C:/ST/STM32CubeIDE_1.13.2/STM32CubeIDE/plugins/com.st.stm32cube.ide.mcu.externaltools.gnu-tools-for-stm32.11.3.rel1.win32_1.1.1.202309131626/tools/bin/../lib/gcc/arm-none-eabi/11.3.1/../../../../arm-none-eabi/lib/thumb/v7e-m+fp/hard\libc_nano.a(libc_a-atoi.o)
                              ./Core/Src/Kommunikation/pc_recieve_handler.o (atoi)
C:/ST/STM32CubeIDE_1.13.2/STM32CubeIDE/plugins/com.st.stm32cube.ide.mcu.externaltools.gnu-tools-for-stm32.11.3.rel1.win32_1.1.1.202309131626/tools/bin/../lib/gcc/arm-none-eabi/11.3.1/../../../../arm-none-eabi/lib/thumb/v7e-m+fp/hard\libc_nano.a(libc_a-exit.o)
                              C:/ST/STM32CubeIDE_1.13.2/STM32CubeIDE/plugins/com.st.stm32cube.ide.mcu.externaltools.gnu-tools-for-stm32.11.3.rel1.win32_1.1.1.202309131626/tools/bin/../lib/gcc/arm-none-eabi/11.3.1/../../../../arm-none-eabi/lib/thumb/v7e-m+fp/hard/crt0.o (exit)
C:/ST/STM32CubeIDE_1.13.2/STM32CubeIDE/plugins/com.st.stm32cube.ide.mcu.externaltools.gnu-tools-for-stm32.11.3.rel1.win32_1.1.1.202309131626/tools/bin/../lib/gcc/arm-none-eabi/11.3.1/../../../../arm-none-eabi/lib/thumb/v7e-m+fp/hard\libc_nano.a(libc_a-strtod.o)
                              ./Core/Src/Kommunikation/pc_recieve_handler.o (strtof)
C:/ST/STM32CubeIDE_1.13.2/STM32CubeIDE/plugins/com.st.stm32cube.ide.mcu.externaltools.gnu-tools-for-stm32.11.3.rel1.win32_1.1.1.202309131626/tools/bin/../lib/gcc/arm-none-eabi/11.3.1/../../../../arm-none-eabi/lib/thumb/v7e-m+fp/hard\libc_nano.a(libc_a-strtol.o)
                              C:/ST/STM32CubeIDE_1.13.2/STM32CubeIDE/plugins/com.st.stm32cube.ide.mcu.externaltools.gnu-tools-for-stm32.11.3.rel1.win32_1.1.1.202309131626/tools/bin/../lib/gcc/arm-none-eabi/11.3.1/../../../../arm-none-eabi/lib/thumb/v7e-m+fp/hard\libc_nano.a(libc_a-atoi.o) (_strtol_r)
C:/ST/STM32CubeIDE_1.13.2/STM32CubeIDE/plugins/com.st.stm32cube.ide.mcu.externaltools.gnu-tools-for-stm32.11.3.rel1.win32_1.1.1.202309131626/tools/bin/../lib/gcc/arm-none-eabi/11.3.1/../../../../arm-none-eabi/lib/thumb/v7e-m+fp/hard\libc_nano.a(libc_a-ctype_.o)
                              C:/ST/STM32CubeIDE_1.13.2/STM32CubeIDE/plugins/com.st.stm32cube.ide.mcu.externaltools.gnu-tools-for-stm32.11.3.rel1.win32_1.1.1.202309131626/tools/bin/../lib/gcc/arm-none-eabi/11.3.1/../../../../arm-none-eabi/lib/thumb/v7e-m+fp/hard\libc_nano.a(libc_a-strtol.o) (_ctype_)
C:/ST/STM32CubeIDE_1.13.2/STM32CubeIDE/plugins/com.st.stm32cube.ide.mcu.externaltools.gnu-tools-for-stm32.11.3.rel1.win32_1.1.1.202309131626/tools/bin/../lib/gcc/arm-none-eabi/11.3.1/../../../../arm-none-eabi/lib/thumb/v7e-m+fp/hard\libc_nano.a(libc_a-tolower.o)
                              ./Core/Src/Kommunikation/uart_processor.o (tolower)
C:/ST/STM32CubeIDE_1.13.2/STM32CubeIDE/plugins/com.st.stm32cube.ide.mcu.externaltools.gnu-tools-for-stm32.11.3.rel1.win32_1.1.1.202309131626/tools/bin/../lib/gcc/arm-none-eabi/11.3.1/../../../../arm-none-eabi/lib/thumb/v7e-m+fp/hard\libc_nano.a(libc_a-nano-vfprintf_float.o)
                              (_printf_float)
C:/ST/STM32CubeIDE_1.13.2/STM32CubeIDE/plugins/com.st.stm32cube.ide.mcu.externaltools.gnu-tools-for-stm32.11.3.rel1.win32_1.1.1.202309131626/tools/bin/../lib/gcc/arm-none-eabi/11.3.1/../../../../arm-none-eabi/lib/thumb/v7e-m+fp/hard\libc_nano.a(libc_a-nano-vfprintf_i.o)
                              C:/ST/STM32CubeIDE_1.13.2/STM32CubeIDE/plugins/com.st.stm32cube.ide.mcu.externaltools.gnu-tools-for-stm32.11.3.rel1.win32_1.1.1.202309131626/tools/bin/../lib/gcc/arm-none-eabi/11.3.1/../../../../arm-none-eabi/lib/thumb/v7e-m+fp/hard\libc_nano.a(libc_a-nano-vfprintf_float.o) (_printf_common)
C:/ST/STM32CubeIDE_1.13.2/STM32CubeIDE/plugins/com.st.stm32cube.ide.mcu.externaltools.gnu-tools-for-stm32.11.3.rel1.win32_1.1.1.202309131626/tools/bin/../lib/gcc/arm-none-eabi/11.3.1/../../../../arm-none-eabi/lib/thumb/v7e-m+fp/hard\libc_nano.a(libc_a-nano-vfscanf_float.o)
                              (_scanf_float)
C:/ST/STM32CubeIDE_1.13.2/STM32CubeIDE/plugins/com.st.stm32cube.ide.mcu.externaltools.gnu-tools-for-stm32.11.3.rel1.win32_1.1.1.202309131626/tools/bin/../lib/gcc/arm-none-eabi/11.3.1/../../../../arm-none-eabi/lib/thumb/v7e-m+fp/hard\libc_nano.a(libc_a-findfp.o)
                              C:/ST/STM32CubeIDE_1.13.2/STM32CubeIDE/plugins/com.st.stm32cube.ide.mcu.externaltools.gnu-tools-for-stm32.11.3.rel1.win32_1.1.1.202309131626/tools/bin/../lib/gcc/arm-none-eabi/11.3.1/../../../../arm-none-eabi/lib/thumb/v7e-m+fp/hard\libc_nano.a(libc_a-exit.o) (__stdio_exit_handler)
C:/ST/STM32CubeIDE_1.13.2/STM32CubeIDE/plugins/com.st.stm32cube.ide.mcu.externaltools.gnu-tools-for-stm32.11.3.rel1.win32_1.1.1.202309131626/tools/bin/../lib/gcc/arm-none-eabi/11.3.1/../../../../arm-none-eabi/lib/thumb/v7e-m+fp/hard\libc_nano.a(libc_a-fwalk.o)
[...]
Memory Configuration

Name             Origin             Length             Attributes
RAM              0x0000000020000000 0x0000000000020000 xrw
FLASH            0x0000000008000000 0x0000000000080000 xr
*default*        0x0000000000000000 0xffffffffffffffff

Linker script and memory map

LOAD C:/ST/STM32CubeIDE_1.13.2/STM32CubeIDE/plugins/com.st.stm32cube.ide.mcu.externaltools.gnu-tools-for-stm32.11.3.rel1.win32_1.1.1.202309131626/tools/bin/../lib/gcc/arm-none-eabi/11.3.1/thumb/v7e-m+fp/hard/crti.o
LOAD C:/ST/STM32CubeIDE_1.13.2/STM32CubeIDE/plugins/com.st.stm32cube.ide.mcu.externaltools.gnu-tools-for-stm32.11.3.rel1.win32_1.1.1.202309131626/tools/bin/../lib/gcc/arm-none-eabi/11.3.1/thumb/v7e-m+fp/hard/crtbegin.o
LOAD C:/ST/STM32CubeIDE_1.13.2/STM32CubeIDE/plugins/com.st.stm32cube.ide.mcu.externaltools.gnu-tools-for-stm32.11.3.rel1.win32_1.1.1.202309131626/tools/bin/../lib/gcc/arm-none-eabi/11.3.1/../../../../arm-none-eabi/lib/thumb/v7e-m+fp/hard/crt0.o
LOAD ./Core/Src/HMI/MY_ILI9341.o
LOAD ./Core/Src/HMI/TSC2046.o
LOAD ./Core/Src/HMI/hmi_display.o
LOAD ./Core/Src/HMI/signallight_control.o
LOAD ./Core/Src/Kommunikation/pc_recieve_handler.o
LOAD ./Core/Src/Kommunikation/pc_send_handler.o
LOAD ./Core/Src/Kommunikation/sensor_recieve_handler.o
LOAD ./Core/Src/Kommunikation/uart_data.o
LOAD ./Core/Src/Kommunikation/uart_processor.o
LOAD ./Core/Src/Management/global_state_machine.o
LOAD ./Core/Src/Regelung/pid_controller.o
LOAD ./Core/Src/SensorActuators/motor.o
LOAD ./Core/Src/SensorActuators/sensor.o
LOAD ./Core/Src/main.o
LOAD ./Core/Src/stm32f4xx_hal_msp.o
LOAD ./Core/Src/stm32f4xx_it.o
LOAD ./Core/Src/syscalls.o
LOAD ./Core/Src/sysmem.o
LOAD ./Core/Src/system_stm32f4xx.o
LOAD ./Core/Startup/startup_stm32f411retx.o
LOAD ./Drivers/STM32F4xx_HAL_Driver/Src/stm32f4xx_hal.o
LOAD ./Drivers/STM32F4xx_HAL_Driver/Src/stm32f4xx_hal_cortex.o
LOAD ./Drivers/STM32F4xx_HAL_Driver/Src/stm32f4xx_hal_dma.o
LOAD ./Drivers/STM32F4xx_HAL_Driver/Src/stm32f4xx_hal_dma_ex.o
LOAD ./Drivers/STM32F4xx_HAL_Driver/Src/stm32f4xx_hal_exti.o
LOAD ./Drivers/STM32F4xx_HAL_Driver/Src/stm32f4xx_hal_flash.o
LOAD ./Drivers/STM32F4xx_HAL_Driver/Src/stm32f4xx_hal_flash_ex.o
LOAD ./Drivers/STM32F4xx_HAL_Driver/Src/stm32f4xx_hal_flash_ramfunc.o
LOAD ./Drivers/STM32F4xx_HAL_Driver/Src/stm32f4xx_hal_gpio.o
LOAD ./Drivers/STM32F4xx_HAL_Driver/Src/stm32f4xx_hal_pwr.o
LOAD ./Drivers/STM32F4xx_HAL_Driver/Src/stm32f4xx_hal_pwr_ex.o
LOAD ./Drivers/STM32F4xx_HAL_Driver/Src/stm32f4xx_hal_rcc.o
LOAD ./Drivers/STM32F4xx_HAL_Driver/Src/stm32f4xx_hal_rcc_ex.o
LOAD ./Drivers/STM32F4xx_HAL_Driver/Src/stm32f4xx_hal_spi.o
LOAD ./Drivers/STM32F4xx_HAL_Driver/Src/stm32f4xx_hal_tim.o
LOAD ./Drivers/STM32F4xx_HAL_Driver/Src/stm32f4xx_hal_tim_ex.o
LOAD ./Drivers/STM32F4xx_HAL_Driver/Src/stm32f4xx_hal_uart.o
START GROUP
LOAD C:/ST/STM32CubeIDE_1.13.2/STM32CubeIDE/plugins/com.st.stm32cube.ide.mcu.externaltools.gnu-tools-for-stm32.11.3.rel1.win32_1.1.1.202309131626/tools/bin/../lib/gcc/arm-none-eabi/11.3.1/../../../../arm-none-eabi/lib/thumb/v7e-m+fp/hard\libc_nano.a
LOAD C:/ST/STM32CubeIDE_1.13.2/STM32CubeIDE/plugins/com.st.stm32cube.ide.mcu.externaltools.gnu-tools-for-stm32.11.3.rel1.win32_1.1.1.202309131626/tools/bin/../lib/gcc/arm-none-eabi/11.3.1/../../../../arm-none-eabi/lib/thumb/v7e-m+fp/hard\libm.a
END GROUP
START GROUP
LOAD C:/ST/STM32CubeIDE_1.13.2/STM32CubeIDE/plugins/com.st.stm32cube.ide.mcu.externaltools.gnu-tools-for-stm32.11.3.rel1.win32_1.1.1.202309131626/tools/bin/../lib/gcc/arm-none-eabi/11.3.1/thumb/v7e-m+fp/hard\libgcc.a
LOAD C:/ST/STM32CubeIDE_1.13.2/STM32CubeIDE/plugins/com.st.stm32cube.ide.mcu.externaltools.gnu-tools-for-stm32.11.3.rel1.win32_1.1.1.202309131626/tools/bin/../lib/gcc/arm-none-eabi/11.3.1/../../../../arm-none-eabi/lib/thumb/v7e-m+fp/hard\libc_nano.a
END GROUP
START GROUP
LOAD C:/ST/STM32CubeIDE_1.13.2/STM32CubeIDE/plugins/com.st.stm32cube.ide.mcu.externaltools.gnu-tools-for-stm32.11.3.rel1.win32_1.1.1.202309131626/tools/bin/../lib/gcc/arm-none-eabi/11.3.1/thumb/v7e-m+fp/hard\libgcc.a
LOAD C:/ST/STM32CubeIDE_1.13.2/STM32CubeIDE/plugins/com.st.stm32cube.ide.mcu.externaltools.gnu-tools-for-stm32.11.3.rel1.win32_1.1.1.202309131626/tools/bin/../lib/gcc/arm-none-eabi/11.3.1/../../../../arm-none-eabi/lib/thumb/v7e-m+fp/hard\libc_nano.a
LOAD C:/ST/STM32CubeIDE_1.13.2/STM32CubeIDE/plugins/com.st.stm32cube.ide.mcu.externaltools.gnu-tools-for-stm32.11.3.rel1.win32_1.1.1.202309131626/tools/bin/../lib/gcc/arm-none-eabi/11.3.1/../../../../arm-none-eabi/lib/thumb/v7e-m+fp/hard\libnosys.a
END GROUP
START GROUP
LOAD C:/ST/STM32CubeIDE_1.13.2/STM32CubeIDE/plugins/com.st.stm32cube.ide.mcu.externaltools.gnu-tools-for-stm32.11.3.rel1.win32_1.1.1.202309131626/tools/bin/../lib/gcc/arm-none-eabi/11.3.1/thumb/v7e-m+fp/hard\libgcc.a
LOAD C:/ST/STM32CubeIDE_1.13.2/STM32CubeIDE/plugins/com.st.stm32cube.ide.mcu.externaltools.gnu-tools-for-stm32.11.3.rel1.win32_1.1.1.202309131626/tools/bin/../lib/gcc/arm-none-eabi/11.3.1/../../../../arm-none-eabi/lib/thumb/v7e-m+fp/hard\libc_nano.a
LOAD C:/ST/STM32CubeIDE_1.13.2/STM32CubeIDE/plugins/com.st.stm32cube.ide.mcu.externaltools.gnu-tools-for-stm32.11.3.rel1.win32_1.1.1.202309131626/tools/bin/../lib/gcc/arm-none-eabi/11.3.1/../../../../arm-none-eabi/lib/thumb/v7e-m+fp/hard\libnosys.a
END GROUP
LOAD C:/ST/STM32CubeIDE_1.13.2/STM32CubeIDE/plugins/com.st.stm32cube.ide.mcu.externaltools.gnu-tools-for-stm32.11.3.rel1.win32_1.1.1.202309131626/tools/bin/../lib/gcc/arm-none-eabi/11.3.1/thumb/v7e-m+fp/hard/crtend.o
LOAD C:/ST/STM32CubeIDE_1.13.2/STM32CubeIDE/plugins/com.st.stm32cube.ide.mcu.externaltools.gnu-tools-for-stm32.11.3.rel1.win32_1.1.1.202309131626/tools/bin/../lib/gcc/arm-none-eabi/11.3.1/thumb/v7e-m+fp/hard/crtn.o
                0x0000000020020000                _estack = (ORIGIN (RAM) + LENGTH (RAM))
                0x0000000000000200                _Min_Heap_Size = 0x200
                0x0000000000000400                _Min_Stack_Size = 0x400

.isr_vector     0x0000000008000000      0x198
                0x0000000008000000                . = ALIGN (0x4)
 *(.isr_vector)
 .isr_vector    0x0000000008000000      0x198 ./Core/Startup/startup_stm32f411retx.o
                0x0000000008000000                g_pfnVectors
                0x0000000008000198                . = ALIGN (0x4)

.text           0x00000000080001a0     0xd420
                0x00000000080001a0                . = ALIGN (0x4)
 *(.text)
 .text          0x00000000080001a0       0x40 C:/ST/STM32CubeIDE_1.13.2/STM32CubeIDE/plugins/com.st.stm32cube.ide.mcu.externaltools.gnu-tools-for-stm32.11.3.rel1.win32_1.1.1.202309131626/tools/bin/../lib/gcc/arm-none-eabi/11.3.1/thumb/v7e-m+fp/hard/crtbegin.o
 .text          0x00000000080001e0       0xa0 C:/ST/STM32CubeIDE_1.13.2/STM32CubeIDE/plugins/com.st.stm32cube.ide.mcu.externaltools.gnu-tools-for-stm32.11.3.rel1.win32_1.1.1.202309131626/tools/bin/../lib/gcc/arm-none-eabi/11.3.1/../../../../arm-none-eabi/lib/thumb/v7e-m+fp/hard\libc_nano.a(libc_a-memchr.o)
                0x00000000080001e0                memchr
 .text          0x0000000008000280       0x10 C:/ST/STM32CubeIDE_1.13.2/STM32CubeIDE/plugins/com.st.stm32cube.ide.mcu.externaltools.gnu-tools-for-stm32.11.3.rel1.win32_1.1.1.202309131626/tools/bin/../lib/gcc/arm-none-eabi/11.3.1/../../../../arm-none-eabi/lib/thumb/v7e-m+fp/hard\libc_nano.a(libc_a-strlen.o)
                0x0000000008000280                strlen
 .text          0x0000000008000290      0x378 C:/ST/STM32CubeIDE_1.13.2/STM32CubeIDE/plugins/com.st.stm32cube.ide.mcu.externaltools.gnu-tools-for-stm32.11.3.rel1.win32_1.1.1.202309131626/tools/bin/../lib/gcc/arm-none-eabi/11.3.1/thumb/v7e-m+fp/hard\libgcc.a(_arm_addsubdf3.o)
                0x0000000008000290                __aeabi_drsub
                0x0000000008000298                __aeabi_dsub
                0x0000000008000298                __subdf3
                0x000000000800029c                __aeabi_dadd
                0x000000000800029c                __adddf3
                0x0000000008000514                __floatunsidf
                0x0000000008000514                __aeabi_ui2d
                0x0000000008000534                __floatsidf
                0x0000000008000534                __aeabi_i2d
                0x0000000008000558                __aeabi_f2d
                0x0000000008000558                __extendsfdf2
                0x000000000800059c                __floatundidf
                0x000000000800059c                __aeabi_ul2d
                0x00000000080005ac                __floatdidf
                0x00000000080005ac                __aeabi_l2d
 .text          0x0000000008000608      0x424 C:/ST/STM32CubeIDE_1.13.2/STM32CubeIDE/plugins/com.st.stm32cube.ide.mcu.externaltools.gnu-tools-for-stm32.11.3.rel1.win32_1.1.1.202309131626/tools/bin/../lib/gcc/arm-none-eabi/11.3.1/thumb/v7e-m+fp/hard\libgcc.a(_arm_muldivdf3.o)
                0x0000000008000608                __aeabi_dmul
                0x0000000008000608                __muldf3
                0x000000000800085c                __divdf3
                0x000000000800085c                __aeabi_ddiv
 .text          0x0000000008000a2c      0x110 C:/ST/STM32CubeIDE_1.13.2/STM32CubeIDE/plugins/com.st.stm32cube.ide.mcu.externaltools.gnu-tools-for-stm32.11.3.rel1.win32_1.1.1.202309131626/tools/bin/../lib/gcc/arm-none-eabi/11.3.1/thumb/v7e-m+fp/hard\libgcc.a(_arm_cmpdf2.o)
                0x0000000008000a2c                __gtdf2
                0x0000000008000a2c                __gedf2
                0x0000000008000a34                __ltdf2
                0x0000000008000a34                __ledf2
                0x0000000008000a3c                __nedf2
                0x0000000008000a3c                __eqdf2
                0x0000000008000a3c                __cmpdf2
                0x0000000008000ab8                __aeabi_cdrcmple
                0x0000000008000ac8                __aeabi_cdcmpeq
                0x0000000008000ac8                __aeabi_cdcmple
                0x0000000008000ad8                __aeabi_dcmpeq
                0x0000000008000aec                __aeabi_dcmplt
                0x0000000008000b00                __aeabi_dcmple
                0x0000000008000b14                __aeabi_dcmpge
                0x0000000008000b28                __aeabi_dcmpgt
 .text          0x0000000008000b3c       0x2c C:/ST/STM32CubeIDE_1.13.2/STM32CubeIDE/plugins/com.st.stm32cube.ide.mcu.externaltools.gnu-tools-for-stm32.11.3.rel1.win32_1.1.1.202309131626/tools/bin/../lib/gcc/arm-none-eabi/11.3.1/thumb/v7e-m+fp/hard\libgcc.a(_arm_unorddf2.o)
                0x0000000008000b3c                __unorddf2
                0x0000000008000b3c                __aeabi_dcmpun
 .text          0x0000000008000b68       0x50 C:/ST/STM32CubeIDE_1.13.2/STM32CubeIDE/plugins/com.st.stm32cube.ide.mcu.externaltools.gnu-tools-for-stm32.11.3.rel1.win32_1.1.1.202309131626/tools/bin/../lib/gcc/arm-none-eabi/11.3.1/thumb/v7e-m+fp/hard\libgcc.a(_arm_fixdfsi.o)
                0x0000000008000b68                __aeabi_d2iz
                0x0000000008000b68                __fixdfsi
 .text          0x0000000008000bb8       0x40 C:/ST/STM32CubeIDE_1.13.2/STM32CubeIDE/plugins/com.st.stm32cube.ide.mcu.externaltools.gnu-tools-for-stm32.11.3.rel1.win32_1.1.1.202309131626/tools/bin/../lib/gcc/arm-none-eabi/11.3.1/thumb/v7e-m+fp/hard\libgcc.a(_arm_fixunsdfsi.o)
                0x0000000008000bb8                __aeabi_d2uiz
                0x0000000008000bb8                __fixunsdfsi
 .text          0x0000000008000bf8       0xa0 C:/ST/STM32CubeIDE_1.13.2/STM32CubeIDE/plugins/com.st.stm32cube.ide.mcu.externaltools.gnu-tools-for-stm32.11.3.rel1.win32_1.1.1.202309131626/tools/bin/../lib/gcc/arm-none-eabi/11.3.1/thumb/v7e-m+fp/hard\libgcc.a(_arm_truncdfsf2.o)
                0x0000000008000bf8                __truncdfsf2
                0x0000000008000bf8                __aeabi_d2f
 .text          0x0000000008000c98       0x30 C:/ST/STM32CubeIDE_1.13.2/STM32CubeIDE/plugins/com.st.stm32cube.ide.mcu.externaltools.gnu-tools-for-stm32.11.3.rel1.win32_1.1.1.202309131626/tools/bin/../lib/gcc/arm-none-eabi/11.3.1/thumb/v7e-m+fp/hard\libgcc.a(_aeabi_uldivmod.o)
                0x0000000008000c98                __aeabi_uldivmod
 .text          0x0000000008000cc8       0x30 C:/ST/STM32CubeIDE_1.13.2/STM32CubeIDE/plugins/com.st.stm32cube.ide.mcu.externaltools.gnu-tools-for-stm32.11.3.rel1.win32_1.1.1.202309131626/tools/bin/../lib/gcc/arm-none-eabi/11.3.1/thumb/v7e-m+fp/hard\libgcc.a(_fixdfdi.o)
                0x0000000008000cc8                __fixdfdi
                0x0000000008000cc8                __aeabi_d2lz
 .text          0x0000000008000cf8       0x3c C:/ST/STM32CubeIDE_1.13.2/STM32CubeIDE/plugins/com.st.stm32cube.ide.mcu.externaltools.gnu-tools-for-stm32.11.3.rel1.win32_1.1.1.202309131626/tools/bin/../lib/gcc/arm-none-eabi/11.3.1/thumb/v7e-m+fp/hard\libgcc.a(_fixunsdfdi.o)
                0x0000000008000cf8                __fixunsdfdi
                0x0000000008000cf8                __aeabi_d2ulz
 .text          0x0000000008000d34      0x2c8 C:/ST/STM32CubeIDE_1.13.2/STM32CubeIDE/plugins/com.st.stm32cube.ide.mcu.externaltools.gnu-tools-for-stm32.11.3.rel1.win32_1.1.1.202309131626/tools/bin/../lib/gcc/arm-none-eabi/11.3.1/thumb/v7e-m+fp/hard\libgcc.a(_udivmoddi4.o)
                0x0000000008000d34                __udivmoddi4
 .text          0x0000000008000ffc        0x4 C:/ST/STM32CubeIDE_1.13.2/STM32CubeIDE/plugins/com.st.stm32cube.ide.mcu.externaltools.gnu-tools-for-stm32.11.3.rel1.win32_1.1.1.202309131626/tools/bin/../lib/gcc/arm-none-eabi/11.3.1/thumb/v7e-m+fp/hard\libgcc.a(_dvmd_tls.o)
                0x0000000008000ffc                __aeabi_idiv0
                0x0000000008000ffc                __aeabi_ldiv0
 *(.text*)
 .text.ILI9341_SendCommand
                0x0000000008001000       0x68 ./Core/Src/HMI/MY_ILI9341.o
                0x0000000008001000                ILI9341_SendCommand
 .text.ILI9341_SendData
                0x0000000008001068       0x68 ./Core/Src/HMI/MY_ILI9341.o
                0x0000000008001068                ILI9341_SendData
 .text.ILI9341_SetCursorPosition
                0x00000000080010d0       0x98 ./Core/Src/HMI/MY_ILI9341.o
                0x00000000080010d0                ILI9341_SetCursorPosition
 .text.ILI9341_Init
                0x0000000008001168      0x180 ./Core/Src/HMI/MY_ILI9341.o
                0x0000000008001168                ILI9341_Init
 .text.ILI9341_DrawPixel
                0x00000000080012e8       0x3e ./Core/Src/HMI/MY_ILI9341.o
                0x00000000080012e8                ILI9341_DrawPixel
 *fill*         0x0000000008001326        0x2 
 .text.ILI9341_Fill
                0x0000000008001328       0x88 ./Core/Src/HMI/MY_ILI9341.o
                0x0000000008001328                ILI9341_Fill
 .text.ILI9341_Fill_Rect
                0x00000000080013b0       0x76 ./Core/Src/HMI/MY_ILI9341.o
                0x00000000080013b0                ILI9341_Fill_Rect
 .text.fillCircleHelper
                0x0000000008001426      0x164 ./Core/Src/HMI/MY_ILI9341.o
 .text.ILI9341_fillCircle
                0x000000000800158a       0x60 ./Core/Src/HMI/MY_ILI9341.o
                0x000000000800158a                ILI9341_fillCircle
 .text.ILI9341_drawLine
                0x00000000080015ea      0x13c ./Core/Src/HMI/MY_ILI9341.o
                0x00000000080015ea                ILI9341_drawLine
 .text.ILI9341_drawFastVLine
                0x0000000008001726       0x4a ./Core/Src/HMI/MY_ILI9341.o
                0x0000000008001726                ILI9341_drawFastVLine
 .text.ILI9341_drawChar
                0x0000000008001770      0x28c ./Core/Src/HMI/MY_ILI9341.o
                0x0000000008001770                ILI9341_drawChar
 .text.ILI9341_printText
                0x00000000080019fc       0x82 ./Core/Src/HMI/MY_ILI9341.o
                0x00000000080019fc                ILI9341_printText
 *fill*         0x0000000008001a7e        0x2 
 .text.ILI9341_setRotation
                0x0000000008001a80       0x98 ./Core/Src/HMI/MY_ILI9341.o
                0x0000000008001a80                ILI9341_setRotation
 .text.ILI9341_getRotation
                0x0000000008001b18       0x18 ./Core/Src/HMI/MY_ILI9341.o
                0x0000000008001b18                ILI9341_getRotation
 .text.TSC2046_SendCommand
                0x0000000008001b30       0x94 ./Core/Src/HMI/TSC2046.o
                0x0000000008001b30                TSC2046_SendCommand
 *fill*         0x0000000008001bc4        0x4 
 .text.TSC2046_Calibrate
                0x0000000008001bc8      0x248 ./Core/Src/HMI/TSC2046.o
                0x0000000008001bc8                TSC2046_Calibrate
 .text.TSC2046_GetRawTouch
                0x0000000008001e10      0x108 ./Core/Src/HMI/TSC2046.o
                0x0000000008001e10                TSC2046_GetRawTouch
 .text.TSC2046_Begin
                0x0000000008001f18       0x4c ./Core/Src/HMI/TSC2046.o
                0x0000000008001f18                TSC2046_Begin
 .text.TSC2046_getRaw_X
                0x0000000008001f64       0x20 ./Core/Src/HMI/TSC2046.o
                0x0000000008001f64                TSC2046_getRaw_X
 .text.TSC2046_getRaw_Y
                0x0000000008001f84       0x20 ./Core/Src/HMI/TSC2046.o
                0x0000000008001f84                TSC2046_getRaw_Y
 .text.TSC2046_getRaw_Z
                0x0000000008001fa4       0x20 ./Core/Src/HMI/TSC2046.o
                0x0000000008001fa4                TSC2046_getRaw_Z
 .text.TSC2046_TL_point
                0x0000000008001fc4       0x38 ./Core/Src/HMI/TSC2046.o
                0x0000000008001fc4                TSC2046_TL_point
 .text.TSC2046_BR_point
                0x0000000008001ffc       0x5c ./Core/Src/HMI/TSC2046.o
                0x0000000008001ffc                TSC2046_BR_point
 .text.TSC2046_getOrientation
                0x0000000008002058        0xe ./Core/Src/HMI/TSC2046.o
                0x0000000008002058                TSC2046_getOrientation
 *fill*         0x0000000008002066        0x2 
 .text.TSC2046_GetTouchData
                0x0000000008002068       0xd8 ./Core/Src/HMI/TSC2046.o
                0x0000000008002068                TSC2046_GetTouchData
 .text.HMI_init
                0x0000000008002140      0x178 ./Core/Src/HMI/hmi_display.o
                0x0000000008002140                HMI_init
 .text.HMI_checkBlob
                0x00000000080022b8      0x208 ./Core/Src/HMI/hmi_display.o
                0x00000000080022b8                HMI_checkBlob
 .text.HMI_update_soll
                0x00000000080024c0      0x1b0 ./Core/Src/HMI/hmi_display.o
                0x00000000080024c0                HMI_update_soll
 .text.HMI_getTouch
                0x0000000008002670      0x17c ./Core/Src/HMI/hmi_display.o
                0x0000000008002670                HMI_getTouch
 .text.HMI_updateDisplaySensor
                0x00000000080027ec       0xe8 ./Core/Src/HMI/hmi_display.o
                0x00000000080027ec                HMI_updateDisplaySensor
 .text.HMI_signallight_check_blob
                0x00000000080028d4       0x78 ./Core/Src/HMI/signallight_control.o
                0x00000000080028d4                HMI_signallight_check_blob
 .text.createPcReceiveHandler
                0x000000000800294c       0x64 ./Core/Src/Kommunikation/pc_recieve_handler.o
                0x000000000800294c                createPcReceiveHandler
 .text.handleSetSpeed
                0x00000000080029b0       0x50 ./Core/Src/Kommunikation/pc_recieve_handler.o
                0x00000000080029b0                handleSetSpeed
 .text.handleSetState
                0x0000000008002a00       0x4c ./Core/Src/Kommunikation/pc_recieve_handler.o
                0x0000000008002a00                handleSetState
 .text.handleSetCP
                0x0000000008002a4c       0x38 ./Core/Src/Kommunikation/pc_recieve_handler.o
                0x0000000008002a4c                handleSetCP
 .text.handleSetCI
                0x0000000008002a84       0x38 ./Core/Src/Kommunikation/pc_recieve_handler.o
                0x0000000008002a84                handleSetCI
 .text.handleSetCD
                0x0000000008002abc       0x38 ./Core/Src/Kommunikation/pc_recieve_handler.o
                0x0000000008002abc                handleSetCD
 .text.handleGetState
                0x0000000008002af4       0x38 ./Core/Src/Kommunikation/pc_recieve_handler.o
                0x0000000008002af4                handleGetState
 .text.handleGetSpeed
                0x0000000008002b2c       0x40 ./Core/Src/Kommunikation/pc_recieve_handler.o
                0x0000000008002b2c                handleGetSpeed
 .text.handleGetCP
                0x0000000008002b6c       0x3c ./Core/Src/Kommunikation/pc_recieve_handler.o
                0x0000000008002b6c                handleGetCP
 .text.handleGetCI
                0x0000000008002ba8       0x3c ./Core/Src/Kommunikation/pc_recieve_handler.o
                0x0000000008002ba8                handleGetCI
 .text.handleGetCD
                0x0000000008002be4       0x3c ./Core/Src/Kommunikation/pc_recieve_handler.o
                0x0000000008002be4                handleGetCD
 .text.processPcInterfaceMessage
                0x0000000008002c20       0x26 ./Core/Src/Kommunikation/pc_recieve_handler.o
                0x0000000008002c20                processPcInterfaceMessage
 *fill*         0x0000000008002c46        0x2 
 .text.extractFloatValue
                0x0000000008002c48      0x118 ./Core/Src/Kommunikation/pc_recieve_handler.o
                0x0000000008002c48                extractFloatValue
 .text.extractIntValue
                0x0000000008002d60      0x10c ./Core/Src/Kommunikation/pc_recieve_handler.o
                0x0000000008002d60                extractIntValue
 .text.sendDiamExt_impl
                0x0000000008002e6c       0xa0 ./Core/Src/Kommunikation/pc_send_handler.o
                0x0000000008002e6c                sendDiamExt_impl
 .text.sendDiamBack_impl
                0x0000000008002f0c       0xa0 ./Core/Src/Kommunikation/pc_send_handler.o
                0x0000000008002f0c                sendDiamBack_impl
 .text.sendState_impl
                0x0000000008002fac       0xa4 ./Core/Src/Kommunikation/pc_send_handler.o
                0x0000000008002fac                sendState_impl
 .text.sendSpeed_impl
                0x0000000008003050       0xac ./Core/Src/Kommunikation/pc_send_handler.o
                0x0000000008003050                sendSpeed_impl
 .text.sendCPvalue_impl
                0x00000000080030fc       0x98 ./Core/Src/Kommunikation/pc_send_handler.o
                0x00000000080030fc                sendCPvalue_impl
 .text.sendCIvalue_impl
                0x0000000008003194       0x98 ./Core/Src/Kommunikation/pc_send_handler.o
                0x0000000008003194                sendCIvalue_impl
 .text.sendCDvalue_impl
                0x000000000800322c       0x98 ./Core/Src/Kommunikation/pc_send_handler.o
                0x000000000800322c                sendCDvalue_impl
 .text.createPcSendHandler
                0x00000000080032c4       0x64 ./Core/Src/Kommunikation/pc_send_handler.o
                0x00000000080032c4                createPcSendHandler
 .text.createSensorReceiveHandler
                0x0000000008003328       0x4c ./Core/Src/Kommunikation/sensor_recieve_handler.o
                0x0000000008003328                createSensorReceiveHandler
 .text.handleDiamRecieved
                0x0000000008003374       0xb8 ./Core/Src/Kommunikation/sensor_recieve_handler.o
                0x0000000008003374                handleDiamRecieved
 .text.getFloatFromMessage
                0x000000000800342c      0x114 ./Core/Src/Kommunikation/sensor_recieve_handler.o
                0x000000000800342c                getFloatFromMessage
 .text.processSensorInterfaceMessage
                0x0000000008003540       0x2c ./Core/Src/Kommunikation/sensor_recieve_handler.o
                0x0000000008003540                processSensorInterfaceMessage
 .text.getReceivedData
                0x000000000800356c       0x16 ./Core/Src/Kommunikation/uart_data.o
                0x000000000800356c                getReceivedData
 .text.getDataIndex
                0x0000000008003582       0x18 ./Core/Src/Kommunikation/uart_data.o
                0x0000000008003582                getDataIndex
 .text.getMessageComplete
                0x000000000800359a       0x18 ./Core/Src/Kommunikation/uart_data.o
                0x000000000800359a                getMessageComplete
 .text.setReceivedData
                0x00000000080035b2       0x3c ./Core/Src/Kommunikation/uart_data.o
                0x00000000080035b2                setReceivedData
 .text.setDataIndex
                0x00000000080035ee       0x1c ./Core/Src/Kommunikation/uart_data.o
                0x00000000080035ee                setDataIndex
 .text.setMessageComplete
                0x000000000800360a       0x1c ./Core/Src/Kommunikation/uart_data.o
                0x000000000800360a                setMessageComplete
 *fill*         0x0000000008003626        0x2 
 .text.createUartDataObject
                0x0000000008003628       0x78 ./Core/Src/Kommunikation/uart_data.o
                0x0000000008003628                createUartDataObject
 .text.createUartProcessor
                0x00000000080036a0       0x1a ./Core/Src/Kommunikation/uart_processor.o
                0x00000000080036a0                createUartProcessor
 .text.strncasecmp
                0x00000000080036ba       0x62 ./Core/Src/Kommunikation/uart_processor.o
                0x00000000080036ba                strncasecmp
 .text.processCommand
                0x000000000800371c       0x7c ./Core/Src/Kommunikation/uart_processor.o
                0x000000000800371c                processCommand
 .text.changeState
                0x0000000008003798       0x74 ./Core/Src/Management/global_state_machine.o
 .text.getState
                0x000000000800380c       0x18 ./Core/Src/Management/global_state_machine.o
 .text.setBlobDetected
                0x0000000008003824       0x28 ./Core/Src/Management/global_state_machine.o
                0x0000000008003824                setBlobDetected
 .text.getBlobDetected
                0x000000000800384c       0x18 ./Core/Src/Management/global_state_machine.o
 .text.initStateMachine
                0x0000000008003864       0x5c ./Core/Src/Management/global_state_machine.o
                0x0000000008003864                initStateMachine
 .text.set_kp   0x00000000080038c0       0x1e ./Core/Src/Regelung/pid_controller.o
                0x00000000080038c0                set_kp
 .text.get_kp   0x00000000080038de       0x1e ./Core/Src/Regelung/pid_controller.o
                0x00000000080038de                get_kp
 .text.set_ki   0x00000000080038fc       0x1e ./Core/Src/Regelung/pid_controller.o
                0x00000000080038fc                set_ki
 .text.get_ki   0x000000000800391a       0x1e ./Core/Src/Regelung/pid_controller.o
                0x000000000800391a                get_ki
 .text.set_kd   0x0000000008003938       0x1e ./Core/Src/Regelung/pid_controller.o
                0x0000000008003938                set_kd
 .text.get_kd   0x0000000008003956       0x1e ./Core/Src/Regelung/pid_controller.o
                0x0000000008003956                get_kd
 .text.set_setPoint
                0x0000000008003974       0x1e ./Core/Src/Regelung/pid_controller.o
                0x0000000008003974                set_setPoint
 .text.get_setPoint
                0x0000000008003992       0x1e ./Core/Src/Regelung/pid_controller.o
                0x0000000008003992                get_setPoint
 .text.pid_update
                0x00000000080039b0       0x48 ./Core/Src/Regelung/pid_controller.o
                0x00000000080039b0                pid_update
 .text.pid_init
                0x00000000080039f8       0xa8 ./Core/Src/Regelung/pid_controller.o
                0x00000000080039f8                pid_init
 .text.getSpeed
                0x0000000008003aa0       0x18 ./Core/Src/SensorActuators/motor.o
                0x0000000008003aa0                getSpeed
 .text.setSpeed
                0x0000000008003ab8       0x6c ./Core/Src/SensorActuators/motor.o
                0x0000000008003ab8                setSpeed
 .text.generatePWM
                0x0000000008003b24       0xcc ./Core/Src/SensorActuators/motor.o
                0x0000000008003b24                generatePWM
 .text.initMotor
                0x0000000008003bf0       0x3c ./Core/Src/SensorActuators/motor.o
                0x0000000008003bf0                initMotor
 .text.getDiameter
                0x0000000008003c2c       0x1e ./Core/Src/SensorActuators/sensor.o
                0x0000000008003c2c                getDiameter
 .text.getUartPort
                0x0000000008003c4a       0x18 ./Core/Src/SensorActuators/sensor.o
                0x0000000008003c4a                getUartPort
 .text.setDiameter
                0x0000000008003c62       0x1e ./Core/Src/SensorActuators/sensor.o
                0x0000000008003c62                setDiameter
 .text.initSensor
                0x0000000008003c80       0x50 ./Core/Src/SensorActuators/sensor.o
                0x0000000008003c80                initSensor
 .text.main     0x0000000008003cd0      0x338 ./Core/Src/main.o
                0x0000000008003cd0                main
 .text.SystemClock_Config
                0x0000000008004008       0xd4 ./Core/Src/main.o
                0x0000000008004008                SystemClock_Config
 .text.MX_SPI1_Init
                0x00000000080040dc       0x6c ./Core/Src/main.o
 .text.MX_SPI2_Init
                0x0000000008004148       0x6c ./Core/Src/main.o
 .text.MX_TIM1_Init
                0x00000000080041b4      0x144 ./Core/Src/main.o
 .text.MX_TIM3_Init
                0x00000000080042f8       0x9c ./Core/Src/main.o
 .text.MX_USART1_UART_Init
                0x0000000008004394       0x54 ./Core/Src/main.o
 .text.MX_USART2_UART_Init
                0x00000000080043e8       0x54 ./Core/Src/main.o
 .text.MX_USART6_UART_Init
                0x000000000800443c       0x54 ./Core/Src/main.o
 .text.MX_GPIO_Init
                0x0000000008004490      0x130 ./Core/Src/main.o
 .text.processUartData
                0x00000000080045c0       0x96 ./Core/Src/main.o
                0x00000000080045c0                processUartData
 *fill*         0x0000000008004656        0x2 
 .text.HAL_UART_RxCpltCallback
                0x0000000008004658       0x5c ./Core/Src/main.o
                0x0000000008004658                HAL_UART_RxCpltCallback
 .text.TIM3_IRQHandler
                0x00000000080046b4       0x80 ./Core/Src/main.o
                0x00000000080046b4                TIM3_IRQHandler
 .text.Error_Handler
                0x0000000008004734        0xa ./Core/Src/main.o
                0x0000000008004734                Error_Handler
 *fill*         0x000000000800473e        0x2 
 .text.HAL_MspInit
                0x0000000008004740       0x50 ./Core/Src/stm32f4xx_hal_msp.o
                0x0000000008004740                HAL_MspInit
 .text.HAL_SPI_MspInit
                0x0000000008004790      0x178 ./Core/Src/stm32f4xx_hal_msp.o
                0x0000000008004790                HAL_SPI_MspInit
 .text.HAL_TIM_Base_MspInit
                0x0000000008004908       0x7c ./Core/Src/stm32f4xx_hal_msp.o
                0x0000000008004908                HAL_TIM_Base_MspInit
 .text.HAL_TIM_MspPostInit
                0x0000000008004984       0x74 ./Core/Src/stm32f4xx_hal_msp.o
                0x0000000008004984                HAL_TIM_MspPostInit
 .text.HAL_UART_MspInit
                0x00000000080049f8      0x1d4 ./Core/Src/stm32f4xx_hal_msp.o
                0x00000000080049f8                HAL_UART_MspInit
 .text.NMI_Handler
                0x0000000008004bcc        0x6 ./Core/Src/stm32f4xx_it.o
                0x0000000008004bcc                NMI_Handler
 .text.HardFault_Handler
                0x0000000008004bd2        0x6 ./Core/Src/stm32f4xx_it.o
                0x0000000008004bd2                HardFault_Handler
 .text.MemManage_Handler
                0x0000000008004bd8        0x6 ./Core/Src/stm32f4xx_it.o
                0x0000000008004bd8                MemManage_Handler
 .text.BusFault_Handler
                0x0000000008004bde        0x6 ./Core/Src/stm32f4xx_it.o
                0x0000000008004bde                BusFault_Handler
 .text.UsageFault_Handler
                0x0000000008004be4        0x6 ./Core/Src/stm32f4xx_it.o
                0x0000000008004be4                UsageFault_Handler
 .text.SVC_Handler
                0x0000000008004bea        0xe ./Core/Src/stm32f4xx_it.o
                0x0000000008004bea                SVC_Handler
 .text.DebugMon_Handler
                0x0000000008004bf8        0xe ./Core/Src/stm32f4xx_it.o
                0x0000000008004bf8                DebugMon_Handler
 .text.PendSV_Handler
                0x0000000008004c06        0xe ./Core/Src/stm32f4xx_it.o
                0x0000000008004c06                PendSV_Handler
 .text.SysTick_Handler
                0x0000000008004c14        0xc ./Core/Src/stm32f4xx_it.o
                0x0000000008004c14                SysTick_Handler
 .text.USART1_IRQHandler
                0x0000000008004c20       0x14 ./Core/Src/stm32f4xx_it.o
                0x0000000008004c20                USART1_IRQHandler
 .text.USART2_IRQHandler
                0x0000000008004c34       0x14 ./Core/Src/stm32f4xx_it.o
                0x0000000008004c34                USART2_IRQHandler
 .text.USART6_IRQHandler
                0x0000000008004c48       0x14 ./Core/Src/stm32f4xx_it.o
                0x0000000008004c48                USART6_IRQHandler
 .text._getpid  0x0000000008004c5c       0x10 ./Core/Src/syscalls.o
                0x0000000008004c5c                _getpid
 .text._kill    0x0000000008004c6c       0x20 ./Core/Src/syscalls.o
                0x0000000008004c6c                _kill
 .text._exit    0x0000000008004c8c       0x14 ./Core/Src/syscalls.o
                0x0000000008004c8c                _exit
 .text._read    0x0000000008004ca0       0x3a ./Core/Src/syscalls.o
                0x0000000008004ca0                _read
 .text._write   0x0000000008004cda       0x38 ./Core/Src/syscalls.o
                0x0000000008004cda                _write
 .text._close   0x0000000008004d12       0x18 ./Core/Src/syscalls.o
                0x0000000008004d12                _close
 .text._fstat   0x0000000008004d2a       0x20 ./Core/Src/syscalls.o
                0x0000000008004d2a                _fstat
 .text._isatty  0x0000000008004d4a       0x16 ./Core/Src/syscalls.o
                0x0000000008004d4a                _isatty
 .text._lseek   0x0000000008004d60       0x1a ./Core/Src/syscalls.o
                0x0000000008004d60                _lseek
 *fill*         0x0000000008004d7a        0x2 
 .text._sbrk    0x0000000008004d7c       0x6c ./Core/Src/sysmem.o
                0x0000000008004d7c                _sbrk
 .text.SystemInit
                0x0000000008004de8       0x24 ./Core/Src/system_stm32f4xx.o
                0x0000000008004de8                SystemInit
 .text.Reset_Handler
                0x0000000008004e0c       0x50 ./Core/Startup/startup_stm32f411retx.o
                0x0000000008004e0c                Reset_Handler
 .text.Default_Handler
                0x0000000008004e5c        0x2 ./Core/Startup/startup_stm32f411retx.o
                0x0000000008004e5c                RTC_Alarm_IRQHandler
                0x0000000008004e5c                EXTI2_IRQHandler
                0x0000000008004e5c                SPI4_IRQHandler
                0x0000000008004e5c                TIM1_CC_IRQHandler
                0x0000000008004e5c                DMA2_Stream5_IRQHandler
                0x0000000008004e5c                DMA1_Stream5_IRQHandler
                0x0000000008004e5c                PVD_IRQHandler
                0x0000000008004e5c                SDIO_IRQHandler
                0x0000000008004e5c                TAMP_STAMP_IRQHandler
                0x0000000008004e5c                EXTI3_IRQHandler
                0x0000000008004e5c                TIM1_UP_TIM10_IRQHandler
                0x0000000008004e5c                I2C3_ER_IRQHandler
                0x0000000008004e5c                EXTI0_IRQHandler
                0x0000000008004e5c                I2C2_EV_IRQHandler
                0x0000000008004e5c                DMA1_Stream2_IRQHandler
                0x0000000008004e5c                FPU_IRQHandler
                0x0000000008004e5c                DMA2_Stream2_IRQHandler
                0x0000000008004e5c                SPI1_IRQHandler
                0x0000000008004e5c                TIM1_BRK_TIM9_IRQHandler
                0x0000000008004e5c                DMA2_Stream3_IRQHandler
                0x0000000008004e5c                DMA2_Stream0_IRQHandler
                0x0000000008004e5c                TIM4_IRQHandler
                0x0000000008004e5c                I2C1_EV_IRQHandler
                0x0000000008004e5c                DMA1_Stream6_IRQHandler
                0x0000000008004e5c                DMA1_Stream1_IRQHandler
                0x0000000008004e5c                RCC_IRQHandler
                0x0000000008004e5c                Default_Handler
                0x0000000008004e5c                EXTI15_10_IRQHandler
                0x0000000008004e5c                ADC_IRQHandler
                0x0000000008004e5c                DMA1_Stream7_IRQHandler
                0x0000000008004e5c                SPI5_IRQHandler
                0x0000000008004e5c                TIM5_IRQHandler
                0x0000000008004e5c                DMA2_Stream7_IRQHandler
                0x0000000008004e5c                I2C3_EV_IRQHandler
                0x0000000008004e5c                EXTI9_5_IRQHandler
                0x0000000008004e5c                RTC_WKUP_IRQHandler
                0x0000000008004e5c                SPI2_IRQHandler
                0x0000000008004e5c                DMA1_Stream0_IRQHandler
                0x0000000008004e5c                EXTI4_IRQHandler
                0x0000000008004e5c                WWDG_IRQHandler
                0x0000000008004e5c                TIM2_IRQHandler
                0x0000000008004e5c                OTG_FS_WKUP_IRQHandler
                0x0000000008004e5c                TIM1_TRG_COM_TIM11_IRQHandler
                0x0000000008004e5c                EXTI1_IRQHandler
                0x0000000008004e5c                I2C2_ER_IRQHandler
                0x0000000008004e5c                DMA2_Stream1_IRQHandler
                0x0000000008004e5c                FLASH_IRQHandler
                0x0000000008004e5c                DMA2_Stream4_IRQHandler
                0x0000000008004e5c                OTG_FS_IRQHandler
                0x0000000008004e5c                SPI3_IRQHandler
                0x0000000008004e5c                DMA1_Stream4_IRQHandler
                0x0000000008004e5c                I2C1_ER_IRQHandler
                0x0000000008004e5c                DMA2_Stream6_IRQHandler
                0x0000000008004e5c                DMA1_Stream3_IRQHandler
 *fill*         0x0000000008004e5e        0x2 
 .text.HAL_Init
                0x0000000008004e60       0x44 ./Drivers/STM32F4xx_HAL_Driver/Src/stm32f4xx_hal.o
                0x0000000008004e60                HAL_Init
 .text.HAL_InitTick
                0x0000000008004ea4       0x60 ./Drivers/STM32F4xx_HAL_Driver/Src/stm32f4xx_hal.o
                0x0000000008004ea4                HAL_InitTick
 .text.HAL_IncTick
                0x0000000008004f04       0x28 ./Drivers/STM32F4xx_HAL_Driver/Src/stm32f4xx_hal.o
                0x0000000008004f04                HAL_IncTick
 .text.HAL_GetTick
                0x0000000008004f2c       0x18 ./Drivers/STM32F4xx_HAL_Driver/Src/stm32f4xx_hal.o
                0x0000000008004f2c                HAL_GetTick
 .text.HAL_Delay
                0x0000000008004f44       0x48 ./Drivers/STM32F4xx_HAL_Driver/Src/stm32f4xx_hal.o
                0x0000000008004f44                HAL_Delay
 .text.__NVIC_SetPriorityGrouping
                0x0000000008004f8c       0x48 ./Drivers/STM32F4xx_HAL_Driver/Src/stm32f4xx_hal_cortex.o
 .text.__NVIC_GetPriorityGrouping
                0x0000000008004fd4       0x1c ./Drivers/STM32F4xx_HAL_Driver/Src/stm32f4xx_hal_cortex.o
 .text.__NVIC_EnableIRQ
                0x0000000008004ff0       0x3c ./Drivers/STM32F4xx_HAL_Driver/Src/stm32f4xx_hal_cortex.o
 .text.__NVIC_SetPriority
                0x000000000800502c       0x54 ./Drivers/STM32F4xx_HAL_Driver/Src/stm32f4xx_hal_cortex.o
 .text.NVIC_EncodePriority
                0x0000000008005080       0x66 ./Drivers/STM32F4xx_HAL_Driver/Src/stm32f4xx_hal_cortex.o
 *fill*         0x00000000080050e6        0x2 
 .text.SysTick_Config
                0x00000000080050e8       0x44 ./Drivers/STM32F4xx_HAL_Driver/Src/stm32f4xx_hal_cortex.o
 .text.HAL_NVIC_SetPriorityGrouping
                0x000000000800512c       0x16 ./Drivers/STM32F4xx_HAL_Driver/Src/stm32f4xx_hal_cortex.o
                0x000000000800512c                HAL_NVIC_SetPriorityGrouping
 .text.HAL_NVIC_SetPriority
                0x0000000008005142       0x38 ./Drivers/STM32F4xx_HAL_Driver/Src/stm32f4xx_hal_cortex.o
                0x0000000008005142                HAL_NVIC_SetPriority
 .text.HAL_NVIC_EnableIRQ
                0x000000000800517a       0x1c ./Drivers/STM32F4xx_HAL_Driver/Src/stm32f4xx_hal_cortex.o
                0x000000000800517a                HAL_NVIC_EnableIRQ
 .text.HAL_SYSTICK_Config
                0x0000000008005196       0x18 ./Drivers/STM32F4xx_HAL_Driver/Src/stm32f4xx_hal_cortex.o
                0x0000000008005196                HAL_SYSTICK_Config
 .text.HAL_DMA_Abort
                0x00000000080051ae       0xe0 ./Drivers/STM32F4xx_HAL_Driver/Src/stm32f4xx_hal_dma.o
                0x00000000080051ae                HAL_DMA_Abort
 .text.HAL_DMA_Abort_IT
                0x000000000800528e       0x44 ./Drivers/STM32F4xx_HAL_Driver/Src/stm32f4xx_hal_dma.o
                0x000000000800528e                HAL_DMA_Abort_IT
 *fill*         0x00000000080052d2        0x2 
 .text.HAL_GPIO_Init
                0x00000000080052d4      0x308 ./Drivers/STM32F4xx_HAL_Driver/Src/stm32f4xx_hal_gpio.o
                0x00000000080052d4                HAL_GPIO_Init
 .text.HAL_GPIO_WritePin
                0x00000000080055dc       0x32 ./Drivers/STM32F4xx_HAL_Driver/Src/stm32f4xx_hal_gpio.o
                0x00000000080055dc                HAL_GPIO_WritePin
 *fill*         0x000000000800560e        0x2 
 .text.HAL_RCC_OscConfig
                0x0000000008005610      0x4f0 ./Drivers/STM32F4xx_HAL_Driver/Src/stm32f4xx_hal_rcc.o
                0x0000000008005610                HAL_RCC_OscConfig
 .text.HAL_RCC_ClockConfig
                0x0000000008005b00      0x1cc ./Drivers/STM32F4xx_HAL_Driver/Src/stm32f4xx_hal_rcc.o
                0x0000000008005b00                HAL_RCC_ClockConfig
 .text.HAL_RCC_GetSysClockFreq
                0x0000000008005ccc      0x20c ./Drivers/STM32F4xx_HAL_Driver/Src/stm32f4xx_hal_rcc.o
                0x0000000008005ccc                HAL_RCC_GetSysClockFreq
 .text.HAL_RCC_GetHCLKFreq
                0x0000000008005ed8       0x18 ./Drivers/STM32F4xx_HAL_Driver/Src/stm32f4xx_hal_rcc.o
                0x0000000008005ed8                HAL_RCC_GetHCLKFreq
 .text.HAL_RCC_GetPCLK1Freq
                0x0000000008005ef0       0x28 ./Drivers/STM32F4xx_HAL_Driver/Src/stm32f4xx_hal_rcc.o
                0x0000000008005ef0                HAL_RCC_GetPCLK1Freq
 .text.HAL_RCC_GetPCLK2Freq
                0x0000000008005f18       0x28 ./Drivers/STM32F4xx_HAL_Driver/Src/stm32f4xx_hal_rcc.o
                0x0000000008005f18                HAL_RCC_GetPCLK2Freq
 .text.HAL_SPI_Init
                0x0000000008005f40      0x112 ./Drivers/STM32F4xx_HAL_Driver/Src/stm32f4xx_hal_spi.o
                0x0000000008005f40                HAL_SPI_Init
 .text.HAL_SPI_Transmit
                0x0000000008006052      0x278 ./Drivers/STM32F4xx_HAL_Driver/Src/stm32f4xx_hal_spi.o
                0x0000000008006052                HAL_SPI_Transmit
 .text.HAL_SPI_Receive
                0x00000000080062ca      0x222 ./Drivers/STM32F4xx_HAL_Driver/Src/stm32f4xx_hal_spi.o
                0x00000000080062ca                HAL_SPI_Receive
 .text.HAL_SPI_TransmitReceive
                0x00000000080064ec      0x344 ./Drivers/STM32F4xx_HAL_Driver/Src/stm32f4xx_hal_spi.o
                0x00000000080064ec                HAL_SPI_TransmitReceive
 .text.SPI_WaitFlagStateUntilTimeout
                0x0000000008006830      0x110 ./Drivers/STM32F4xx_HAL_Driver/Src/stm32f4xx_hal_spi.o
 .text.SPI_EndRxTransaction
                0x0000000008006940       0xca ./Drivers/STM32F4xx_HAL_Driver/Src/stm32f4xx_hal_spi.o
 *fill*         0x0000000008006a0a        0x2 
 .text.SPI_EndRxTxTransaction
                0x0000000008006a0c       0x84 ./Drivers/STM32F4xx_HAL_Driver/Src/stm32f4xx_hal_spi.o
 .text.HAL_TIM_Base_Init
                0x0000000008006a90       0x9e ./Drivers/STM32F4xx_HAL_Driver/Src/stm32f4xx_hal_tim.o
                0x0000000008006a90                HAL_TIM_Base_Init
 .text.HAL_TIM_Base_Stop
                0x0000000008006b2e       0x4e ./Drivers/STM32F4xx_HAL_Driver/Src/stm32f4xx_hal_tim.o
                0x0000000008006b2e                HAL_TIM_Base_Stop
 .text.HAL_TIM_Base_Start_IT
                0x0000000008006b7c       0xc4 ./Drivers/STM32F4xx_HAL_Driver/Src/stm32f4xx_hal_tim.o
                0x0000000008006b7c                HAL_TIM_Base_Start_IT
 .text.HAL_TIM_PWM_Init
                0x0000000008006c40       0x9e ./Drivers/STM32F4xx_HAL_Driver/Src/stm32f4xx_hal_tim.o
                0x0000000008006c40                HAL_TIM_PWM_Init
 .text.HAL_TIM_PWM_MspInit
                0x0000000008006cde       0x14 ./Drivers/STM32F4xx_HAL_Driver/Src/stm32f4xx_hal_tim.o
                0x0000000008006cde                HAL_TIM_PWM_MspInit
 *fill*         0x0000000008006cf2        0x2 
 .text.HAL_TIM_PWM_Start
                0x0000000008006cf4      0x160 ./Drivers/STM32F4xx_HAL_Driver/Src/stm32f4xx_hal_tim.o
                0x0000000008006cf4                HAL_TIM_PWM_Start
 .text.HAL_TIM_PWM_Stop
                0x0000000008006e54       0xc8 ./Drivers/STM32F4xx_HAL_Driver/Src/stm32f4xx_hal_tim.o
                0x0000000008006e54                HAL_TIM_PWM_Stop
 .text.HAL_TIM_IRQHandler
                0x0000000008006f1c      0x210 ./Drivers/STM32F4xx_HAL_Driver/Src/stm32f4xx_hal_tim.o
                0x0000000008006f1c                HAL_TIM_IRQHandler
 .text.HAL_TIM_PWM_ConfigChannel
                0x000000000800712c      0x184 ./Drivers/STM32F4xx_HAL_Driver/Src/stm32f4xx_hal_tim.o
                0x000000000800712c                HAL_TIM_PWM_ConfigChannel
 .text.HAL_TIM_ConfigClockSource
                0x00000000080072b0      0x18e ./Drivers/STM32F4xx_HAL_Driver/Src/stm32f4xx_hal_tim.o
                0x00000000080072b0                HAL_TIM_ConfigClockSource
 .text.HAL_TIM_PeriodElapsedCallback
                0x000000000800743e       0x14 ./Drivers/STM32F4xx_HAL_Driver/Src/stm32f4xx_hal_tim.o
                0x000000000800743e                HAL_TIM_PeriodElapsedCallback
 .text.HAL_TIM_OC_DelayElapsedCallback
                0x0000000008007452       0x14 ./Drivers/STM32F4xx_HAL_Driver/Src/stm32f4xx_hal_tim.o
                0x0000000008007452                HAL_TIM_OC_DelayElapsedCallback
 .text.HAL_TIM_IC_CaptureCallback
                0x0000000008007466       0x14 ./Drivers/STM32F4xx_HAL_Driver/Src/stm32f4xx_hal_tim.o
                0x0000000008007466                HAL_TIM_IC_CaptureCallback
 .text.HAL_TIM_PWM_PulseFinishedCallback
                0x000000000800747a       0x14 ./Drivers/STM32F4xx_HAL_Driver/Src/stm32f4xx_hal_tim.o
                0x000000000800747a                HAL_TIM_PWM_PulseFinishedCallback
 .text.HAL_TIM_TriggerCallback
                0x000000000800748e       0x14 ./Drivers/STM32F4xx_HAL_Driver/Src/stm32f4xx_hal_tim.o
                0x000000000800748e                HAL_TIM_TriggerCallback
 *fill*         0x00000000080074a2        0x2 
 .text.TIM_Base_SetConfig
                0x00000000080074a4      0x100 ./Drivers/STM32F4xx_HAL_Driver/Src/stm32f4xx_hal_tim.o
                0x00000000080074a4                TIM_Base_SetConfig
 .text.TIM_OC1_SetConfig
                0x00000000080075a4       0xcc ./Drivers/STM32F4xx_HAL_Driver/Src/stm32f4xx_hal_tim.o
 .text.TIM_OC2_SetConfig
                0x0000000008007670       0xd8 ./Drivers/STM32F4xx_HAL_Driver/Src/stm32f4xx_hal_tim.o
                0x0000000008007670                TIM_OC2_SetConfig
 .text.TIM_OC3_SetConfig
                0x0000000008007748       0xd4 ./Drivers/STM32F4xx_HAL_Driver/Src/stm32f4xx_hal_tim.o
 .text.TIM_OC4_SetConfig
                0x000000000800781c       0xa0 ./Drivers/STM32F4xx_HAL_Driver/Src/stm32f4xx_hal_tim.o
 .text.TIM_TI1_ConfigInputStage
                0x00000000080078bc       0x5e ./Drivers/STM32F4xx_HAL_Driver/Src/stm32f4xx_hal_tim.o
 .text.TIM_TI2_ConfigInputStage
                0x000000000800791a       0x60 ./Drivers/STM32F4xx_HAL_Driver/Src/stm32f4xx_hal_tim.o
 .text.TIM_ITRx_SetConfig
                0x000000000800797a       0x36 ./Drivers/STM32F4xx_HAL_Driver/Src/stm32f4xx_hal_tim.o
 .text.TIM_ETR_SetConfig
                0x00000000080079b0       0x40 ./Drivers/STM32F4xx_HAL_Driver/Src/stm32f4xx_hal_tim.o
                0x00000000080079b0                TIM_ETR_SetConfig
 .text.TIM_CCxChannelCmd
                0x00000000080079f0       0x4a ./Drivers/STM32F4xx_HAL_Driver/Src/stm32f4xx_hal_tim.o
                0x00000000080079f0                TIM_CCxChannelCmd
 *fill*         0x0000000008007a3a        0x2 
 .text.HAL_TIMEx_MasterConfigSynchronization
                0x0000000008007a3c       0xdc ./Drivers/STM32F4xx_HAL_Driver/Src/stm32f4xx_hal_tim_ex.o
                0x0000000008007a3c                HAL_TIMEx_MasterConfigSynchronization
 .text.HAL_TIMEx_ConfigBreakDeadTime
                0x0000000008007b18       0xa4 ./Drivers/STM32F4xx_HAL_Driver/Src/stm32f4xx_hal_tim_ex.o
                0x0000000008007b18                HAL_TIMEx_ConfigBreakDeadTime
 .text.HAL_TIMEx_CommutCallback
                0x0000000008007bbc       0x14 ./Drivers/STM32F4xx_HAL_Driver/Src/stm32f4xx_hal_tim_ex.o
                0x0000000008007bbc                HAL_TIMEx_CommutCallback
 .text.HAL_TIMEx_BreakCallback
                0x0000000008007bd0       0x14 ./Drivers/STM32F4xx_HAL_Driver/Src/stm32f4xx_hal_tim_ex.o
                0x0000000008007bd0                HAL_TIMEx_BreakCallback
 .text.HAL_UART_Init
                0x0000000008007be4       0x9a ./Drivers/STM32F4xx_HAL_Driver/Src/stm32f4xx_hal_uart.o
                0x0000000008007be4                HAL_UART_Init
 .text.HAL_UART_Transmit
                0x0000000008007c7e      0x124 ./Drivers/STM32F4xx_HAL_Driver/Src/stm32f4xx_hal_uart.o
                0x0000000008007c7e                HAL_UART_Transmit
 .text.HAL_UART_Receive_IT
                0x0000000008007da2       0x60 ./Drivers/STM32F4xx_HAL_Driver/Src/stm32f4xx_hal_uart.o
                0x0000000008007da2                HAL_UART_Receive_IT
 *fill*         0x0000000008007e02        0x2 
 .text.HAL_UART_IRQHandler
                0x0000000008007e04      0x51c ./Drivers/STM32F4xx_HAL_Driver/Src/stm32f4xx_hal_uart.o
                0x0000000008007e04                HAL_UART_IRQHandler
 .text.HAL_UART_TxCpltCallback
                0x0000000008008320       0x14 ./Drivers/STM32F4xx_HAL_Driver/Src/stm32f4xx_hal_uart.o
                0x0000000008008320                HAL_UART_TxCpltCallback
 .text.HAL_UART_ErrorCallback
                0x0000000008008334       0x14 ./Drivers/STM32F4xx_HAL_Driver/Src/stm32f4xx_hal_uart.o
                0x0000000008008334                HAL_UART_ErrorCallback
 .text.HAL_UARTEx_RxEventCallback
                0x0000000008008348       0x18 ./Drivers/STM32F4xx_HAL_Driver/Src/stm32f4xx_hal_uart.o
                0x0000000008008348                HAL_UARTEx_RxEventCallback
 .text.UART_WaitOnFlagUntilTimeout
                0x0000000008008360       0xdc ./Drivers/STM32F4xx_HAL_Driver/Src/stm32f4xx_hal_uart.o
 .text.UART_Start_Receive_IT
                0x000000000800843c       0x7c ./Drivers/STM32F4xx_HAL_Driver/Src/stm32f4xx_hal_uart.o
                0x000000000800843c                UART_Start_Receive_IT
 .text.UART_EndRxTransfer
                0x00000000080084b8       0xc6 ./Drivers/STM32F4xx_HAL_Driver/Src/stm32f4xx_hal_uart.o
 .text.UART_DMAAbortOnError
                0x000000000800857e       0x28 ./Drivers/STM32F4xx_HAL_Driver/Src/stm32f4xx_hal_uart.o
 .text.UART_Transmit_IT
                0x00000000080085a6       0xa0 ./Drivers/STM32F4xx_HAL_Driver/Src/stm32f4xx_hal_uart.o
 .text.UART_EndTransmit_IT
                0x0000000008008646       0x30 ./Drivers/STM32F4xx_HAL_Driver/Src/stm32f4xx_hal_uart.o
 .text.UART_Receive_IT
                0x0000000008008676      0x176 ./Drivers/STM32F4xx_HAL_Driver/Src/stm32f4xx_hal_uart.o
 .text.UART_SetConfig
                0x00000000080087ec      0x4e8 ./Drivers/STM32F4xx_HAL_Driver/Src/stm32f4xx_hal_uart.o
 .text.atoi     0x0000000008008cd4        0x8 C:/ST/STM32CubeIDE_1.13.2/STM32CubeIDE/plugins/com.st.stm32cube.ide.mcu.externaltools.gnu-tools-for-stm32.11.3.rel1.win32_1.1.1.202309131626/tools/bin/../lib/gcc/arm-none-eabi/11.3.1/../../../../arm-none-eabi/lib/thumb/v7e-m+fp/hard\libc_nano.a(libc_a-atoi.o)
                0x0000000008008cd4                atoi
 .text.sulp     0x0000000008008cdc       0x38 C:/ST/STM32CubeIDE_1.13.2/STM32CubeIDE/plugins/com.st.stm32cube.ide.mcu.externaltools.gnu-tools-for-stm32.11.3.rel1.win32_1.1.1.202309131626/tools/bin/../lib/gcc/arm-none-eabi/11.3.1/../../../../arm-none-eabi/lib/thumb/v7e-m+fp/hard\libc_nano.a(libc_a-strtod.o)
 *fill*         0x0000000008008d14        0x4 
 .text._strtod_l
                0x0000000008008d18      0xbe0 C:/ST/STM32CubeIDE_1.13.2/STM32CubeIDE/plugins/com.st.stm32cube.ide.mcu.externaltools.gnu-tools-for-stm32.11.3.rel1.win32_1.1.1.202309131626/tools/bin/../lib/gcc/arm-none-eabi/11.3.1/../../../../arm-none-eabi/lib/thumb/v7e-m+fp/hard\libc_nano.a(libc_a-strtod.o)
                0x0000000008008d18                _strtod_l
 .text._strtod_r
                0x00000000080098f8        0xc C:/ST/STM32CubeIDE_1.13.2/STM32CubeIDE/plugins/com.st.stm32cube.ide.mcu.externaltools.gnu-tools-for-stm32.11.3.rel1.win32_1.1.1.202309131626/tools/bin/../lib/gcc/arm-none-eabi/11.3.1/../../../../arm-none-eabi/lib/thumb/v7e-m+fp/hard\libc_nano.a(libc_a-strtod.o)
                0x00000000080098f8                _strtod_r
 .text.strtof   0x0000000008009904       0xcc C:/ST/STM32CubeIDE_1.13.2/STM32CubeIDE/plugins/com.st.stm32cube.ide.mcu.externaltools.gnu-tools-for-stm32.11.3.rel1.win32_1.1.1.202309131626/tools/bin/../lib/gcc/arm-none-eabi/11.3.1/../../../../arm-none-eabi/lib/thumb/v7e-m+fp/hard\libc_nano.a(libc_a-strtod.o)
                0x0000000008009904                strtof
 .text._strtol_l.constprop.0
                0x00000000080099d0      0x104 C:/ST/STM32CubeIDE_1.13.2/STM32CubeIDE/plugins/com.st.stm32cube.ide.mcu.externaltools.gnu-tools-for-stm32.11.3.rel1.win32_1.1.1.202309131626/tools/bin/../lib/gcc/arm-none-eabi/11.3.1/../../../../arm-none-eabi/lib/thumb/v7e-m+fp/hard\libc_nano.a(libc_a-strtol.o)
 .text._strtol_r
                0x0000000008009ad4        0x4 C:/ST/STM32CubeIDE_1.13.2/STM32CubeIDE/plugins/com.st.stm32cube.ide.mcu.externaltools.gnu-tools-for-stm32.11.3.rel1.win32_1.1.1.202309131626/tools/bin/../lib/gcc/arm-none-eabi/11.3.1/../../../../arm-none-eabi/lib/thumb/v7e-m+fp/hard\libc_nano.a(libc_a-strtol.o)
                0x0000000008009ad4                _strtol_r
 .text.strtol   0x0000000008009ad8       0x14 C:/ST/STM32CubeIDE_1.13.2/STM32CubeIDE/plugins/com.st.stm32cube.ide.mcu.externaltools.gnu-tools-for-stm32.11.3.rel1.win32_1.1.1.202309131626/tools/bin/../lib/gcc/arm-none-eabi/11.3.1/../../../../arm-none-eabi/lib/thumb/v7e-m+fp/hard\libc_nano.a(libc_a-strtol.o)
                0x0000000008009ad8                strtol
 .text.tolower  0x0000000008009aec       0x14 C:/ST/STM32CubeIDE_1.13.2/STM32CubeIDE/plugins/com.st.stm32cube.ide.mcu.externaltools.gnu-tools-for-stm32.11.3.rel1.win32_1.1.1.202309131626/tools/bin/../lib/gcc/arm-none-eabi/11.3.1/../../../../arm-none-eabi/lib/thumb/v7e-m+fp/hard\libc_nano.a(libc_a-tolower.o)
                0x0000000008009aec                tolower
 .text.__cvt    0x0000000008009b00       0xc4 C:/ST/STM32CubeIDE_1.13.2/STM32CubeIDE/plugins/com.st.stm32cube.ide.mcu.externaltools.gnu-tools-for-stm32.11.3.rel1.win32_1.1.1.202309131626/tools/bin/../lib/gcc/arm-none-eabi/11.3.1/../../../../arm-none-eabi/lib/thumb/v7e-m+fp/hard\libc_nano.a(libc_a-nano-vfprintf_float.o)
                0x0000000008009b00                __cvt
 .text.__exponent
                0x0000000008009bc4       0x7c C:/ST/STM32CubeIDE_1.13.2/STM32CubeIDE/plugins/com.st.stm32cube.ide.mcu.externaltools.gnu-tools-for-stm32.11.3.rel1.win32_1.1.1.202309131626/tools/bin/../lib/gcc/arm-none-eabi/11.3.1/../../../../arm-none-eabi/lib/thumb/v7e-m+fp/hard\libc_nano.a(libc_a-nano-vfprintf_float.o)
                0x0000000008009bc4                __exponent
 .text._printf_float
                0x0000000008009c40      0x46c C:/ST/STM32CubeIDE_1.13.2/STM32CubeIDE/plugins/com.st.stm32cube.ide.mcu.externaltools.gnu-tools-for-stm32.11.3.rel1.win32_1.1.1.202309131626/tools/bin/../lib/gcc/arm-none-eabi/11.3.1/../../../../arm-none-eabi/lib/thumb/v7e-m+fp/hard\libc_nano.a(libc_a-nano-vfprintf_float.o)
                0x0000000008009c40                _printf_float
 .text._printf_common
                0x000000000800a0ac       0xda C:/ST/STM32CubeIDE_1.13.2/STM32CubeIDE/plugins/com.st.stm32cube.ide.mcu.externaltools.gnu-tools-for-stm32.11.3.rel1.win32_1.1.1.202309131626/tools/bin/../lib/gcc/arm-none-eabi/11.3.1/../../../../arm-none-eabi/lib/thumb/v7e-m+fp/hard\libc_nano.a(libc_a-nano-vfprintf_i.o)
                0x000000000800a0ac                _printf_common
 *fill*         0x000000000800a186        0x2 
 .text._printf_i
                0x000000000800a188      0x244 C:/ST/STM32CubeIDE_1.13.2/STM32CubeIDE/plugins/com.st.stm32cube.ide.mcu.externaltools.gnu-tools-for-stm32.11.3.rel1.win32_1.1.1.202309131626/tools/bin/../lib/gcc/arm-none-eabi/11.3.1/../../../../arm-none-eabi/lib/thumb/v7e-m+fp/hard\libc_nano.a(libc_a-nano-vfprintf_i.o)
                0x000000000800a188                _printf_i
 .text._scanf_float
                0x000000000800a3cc      0x420 C:/ST/STM32CubeIDE_1.13.2/STM32CubeIDE/plugins/com.st.stm32cube.ide.mcu.externaltools.gnu-tools-for-stm32.11.3.rel1.win32_1.1.1.202309131626/tools/bin/../lib/gcc/arm-none-eabi/11.3.1/../../../../arm-none-eabi/lib/thumb/v7e-m+fp/hard\libc_nano.a(libc_a-nano-vfscanf_float.o)
                0x000000000800a3cc                _scanf_float
 .text.std      0x000000000800a7ec       0x6c C:/ST/STM32CubeIDE_1.13.2/STM32CubeIDE/plugins/com.st.stm32cube.ide.mcu.externaltools.gnu-tools-for-stm32.11.3.rel1.win32_1.1.1.202309131626/tools/bin/../lib/gcc/arm-none-eabi/11.3.1/../../../../arm-none-eabi/lib/thumb/v7e-m+fp/hard\libc_nano.a(libc_a-findfp.o)
 .text.stdio_exit_handler
                0x000000000800a858       0x18 C:/ST/STM32CubeIDE_1.13.2/STM32CubeIDE/plugins/com.st.stm32cube.ide.mcu.externaltools.gnu-tools-for-stm32.11.3.rel1.win32_1.1.1.202309131626/tools/bin/../lib/gcc/arm-none-eabi/11.3.1/../../../../arm-none-eabi/lib/thumb/v7e-m+fp/hard\libc_nano.a(libc_a-findfp.o)
 .text.cleanup_stdio
                0x000000000800a870       0x40 C:/ST/STM32CubeIDE_1.13.2/STM32CubeIDE/plugins/com.st.stm32cube.ide.mcu.externaltools.gnu-tools-for-stm32.11.3.rel1.win32_1.1.1.202309131626/tools/bin/../lib/gcc/arm-none-eabi/11.3.1/../../../../arm-none-eabi/lib/thumb/v7e-m+fp/hard\libc_nano.a(libc_a-findfp.o)
 .text.global_stdio_init.part.0
                0x000000000800a8b0       0x3c C:/ST/STM32CubeIDE_1.13.2/STM32CubeIDE/plugins/com.st.stm32cube.ide.mcu.externaltools.gnu-tools-for-stm32.11.3.rel1.win32_1.1.1.202309131626/tools/bin/../lib/gcc/arm-none-eabi/11.3.1/../../../../arm-none-eabi/lib/thumb/v7e-m+fp/hard\libc_nano.a(libc_a-findfp.o)
 .text.__sfp_lock_acquire
                0x000000000800a8ec        0xc C:/ST/STM32CubeIDE_1.13.2/STM32CubeIDE/plugins/com.st.stm32cube.ide.mcu.externaltools.gnu-tools-for-stm32.11.3.rel1.win32_1.1.1.202309131626/tools/bin/../lib/gcc/arm-none-eabi/11.3.1/../../../../arm-none-eabi/lib/thumb/v7e-m+fp/hard\libc_nano.a(libc_a-findfp.o)
                0x000000000800a8ec                __sfp_lock_acquire
 .text.__sfp_lock_release
                0x000000000800a8f8        0xc C:/ST/STM32CubeIDE_1.13.2/STM32CubeIDE/plugins/com.st.stm32cube.ide.mcu.externaltools.gnu-tools-for-stm32.11.3.rel1.win32_1.1.1.202309131626/tools/bin/../lib/gcc/arm-none-eabi/11.3.1/../../../../arm-none-eabi/lib/thumb/v7e-m+fp/hard\libc_nano.a(libc_a-findfp.o)
                0x000000000800a8f8                __sfp_lock_release
 .text.__sinit  0x000000000800a904       0x30 C:/ST/STM32CubeIDE_1.13.2/STM32CubeIDE/plugins/com.st.stm32cube.ide.mcu.externaltools.gnu-tools-for-stm32.11.3.rel1.win32_1.1.1.202309131626/tools/bin/../lib/gcc/arm-none-eabi/11.3.1/../../../../arm-none-eabi/lib/thumb/v7e-m+fp/hard\libc_nano.a(libc_a-findfp.o)
                0x000000000800a904                __sinit
 .text._fwalk_sglue
                0x000000000800a934       0x3c C:/ST/STM32CubeIDE_1.13.2/STM32CubeIDE/plugins/com.st.stm32cube.ide.mcu.externaltools.gnu-tools-for-stm32.11.3.rel1.win32_1.1.1.202309131626/tools/bin/../lib/gcc/arm-none-eabi/11.3.1/../../../../arm-none-eabi/lib/thumb/v7e-m+fp/hard\libc_nano.a(libc_a-fwalk.o)
                0x000000000800a934                _fwalk_sglue
 .text.sprintf  0x000000000800a970       0x40 C:/ST/STM32CubeIDE_1.13.2/STM32CubeIDE/plugins/com.st.stm32cube.ide.mcu.externaltools.gnu-tools-for-stm32.11.3.rel1.win32_1.1.1.202309131626/tools/bin/../lib/gcc/arm-none-eabi/11.3.1/../../../../arm-none-eabi/lib/thumb/v7e-m+fp/hard\libc_nano.a(libc_a-sprintf.o)
                0x000000000800a970                siprintf
                0x000000000800a970                sprintf
 .text.__sread  0x000000000800a9b0       0x22 C:/ST/STM32CubeIDE_1.13.2/STM32CubeIDE/plugins/com.st.stm32cube.ide.mcu.externaltools.gnu-tools-for-stm32.11.3.rel1.win32_1.1.1.202309131626/tools/bin/../lib/gcc/arm-none-eabi/11.3.1/../../../../arm-none-eabi/lib/thumb/v7e-m+fp/hard\libc_nano.a(libc_a-stdio.o)
                0x000000000800a9b0                __sread
 .text.__swrite
                0x000000000800a9d2       0x38 C:/ST/STM32CubeIDE_1.13.2/STM32CubeIDE/plugins/com.st.stm32cube.ide.mcu.externaltools.gnu-tools-for-stm32.11.3.rel1.win32_1.1.1.202309131626/tools/bin/../lib/gcc/arm-none-eabi/11.3.1/../../../../arm-none-eabi/lib/thumb/v7e-m+fp/hard\libc_nano.a(libc_a-stdio.o)
                0x000000000800a9d2                __swrite
 .text.__sseek  0x000000000800aa0a       0x24 C:/ST/STM32CubeIDE_1.13.2/STM32CubeIDE/plugins/com.st.stm32cube.ide.mcu.externaltools.gnu-tools-for-stm32.11.3.rel1.win32_1.1.1.202309131626/tools/bin/../lib/gcc/arm-none-eabi/11.3.1/../../../../arm-none-eabi/lib/thumb/v7e-m+fp/hard\libc_nano.a(libc_a-stdio.o)
                0x000000000800aa0a                __sseek
 .text.__sclose
                0x000000000800aa2e        0x8 C:/ST/STM32CubeIDE_1.13.2/STM32CubeIDE/plugins/com.st.stm32cube.ide.mcu.externaltools.gnu-tools-for-stm32.11.3.rel1.win32_1.1.1.202309131626/tools/bin/../lib/gcc/arm-none-eabi/11.3.1/../../../../arm-none-eabi/lib/thumb/v7e-m+fp/hard\libc_nano.a(libc_a-stdio.o)
                0x000000000800aa2e                __sclose
 .text.memset   0x000000000800aa36       0x10 C:/ST/STM32CubeIDE_1.13.2/STM32CubeIDE/plugins/com.st.stm32cube.ide.mcu.externaltools.gnu-tools-for-stm32.11.3.rel1.win32_1.1.1.202309131626/tools/bin/../lib/gcc/arm-none-eabi/11.3.1/../../../../arm-none-eabi/lib/thumb/v7e-m+fp/hard\libc_nano.a(libc_a-memset.o)
                0x000000000800aa36                memset
 .text.strncmp  0x000000000800aa46       0x24 C:/ST/STM32CubeIDE_1.13.2/STM32CubeIDE/plugins/com.st.stm32cube.ide.mcu.externaltools.gnu-tools-for-stm32.11.3.rel1.win32_1.1.1.202309131626/tools/bin/../lib/gcc/arm-none-eabi/11.3.1/../../../../arm-none-eabi/lib/thumb/v7e-m+fp/hard\libc_nano.a(libc_a-strncmp.o)
                0x000000000800aa46                strncmp
 .text.strncpy  0x000000000800aa6a       0x26 C:/ST/STM32CubeIDE_1.13.2/STM32CubeIDE/plugins/com.st.stm32cube.ide.mcu.externaltools.gnu-tools-for-stm32.11.3.rel1.win32_1.1.1.202309131626/tools/bin/../lib/gcc/arm-none-eabi/11.3.1/../../../../arm-none-eabi/lib/thumb/v7e-m+fp/hard\libc_nano.a(libc_a-strncpy.o)
                0x000000000800aa6a                strncpy
 .text._localeconv_r
                0x000000000800aa90        0x8 C:/ST/STM32CubeIDE_1.13.2/STM32CubeIDE/plugins/com.st.stm32cube.ide.mcu.externaltools.gnu-tools-for-stm32.11.3.rel1.win32_1.1.1.202309131626/tools/bin/../lib/gcc/arm-none-eabi/11.3.1/../../../../arm-none-eabi/lib/thumb/v7e-m+fp/hard\libc_nano.a(libc_a-localeconv.o)
                0x000000000800aa90                _localeconv_r
 .text._close_r
                0x000000000800aa98       0x20 C:/ST/STM32CubeIDE_1.13.2/STM32CubeIDE/plugins/com.st.stm32cube.ide.mcu.externaltools.gnu-tools-for-stm32.11.3.rel1.win32_1.1.1.202309131626/tools/bin/../lib/gcc/arm-none-eabi/11.3.1/../../../../arm-none-eabi/lib/thumb/v7e-m+fp/hard\libc_nano.a(libc_a-closer.o)
                0x000000000800aa98                _close_r
 .text._lseek_r
                0x000000000800aab8       0x24 C:/ST/STM32CubeIDE_1.13.2/STM32CubeIDE/plugins/com.st.stm32cube.ide.mcu.externaltools.gnu-tools-for-stm32.11.3.rel1.win32_1.1.1.202309131626/tools/bin/../lib/gcc/arm-none-eabi/11.3.1/../../../../arm-none-eabi/lib/thumb/v7e-m+fp/hard\libc_nano.a(libc_a-lseekr.o)
                0x000000000800aab8                _lseek_r
 .text._read_r  0x000000000800aadc       0x24 C:/ST/STM32CubeIDE_1.13.2/STM32CubeIDE/plugins/com.st.stm32cube.ide.mcu.externaltools.gnu-tools-for-stm32.11.3.rel1.win32_1.1.1.202309131626/tools/bin/../lib/gcc/arm-none-eabi/11.3.1/../../../../arm-none-eabi/lib/thumb/v7e-m+fp/hard\libc_nano.a(libc_a-readr.o)
                0x000000000800aadc                _read_r
 .text._write_r
                0x000000000800ab00       0x24 C:/ST/STM32CubeIDE_1.13.2/STM32CubeIDE/plugins/com.st.stm32cube.ide.mcu.externaltools.gnu-tools-for-stm32.11.3.rel1.win32_1.1.1.202309131626/tools/bin/../lib/gcc/arm-none-eabi/11.3.1/../../../../arm-none-eabi/lib/thumb/v7e-m+fp/hard\libc_nano.a(libc_a-writer.o)
                0x000000000800ab00                _write_r
 .text.__errno  0x000000000800ab24        0xc C:/ST/STM32CubeIDE_1.13.2/STM32CubeIDE/plugins/com.st.stm32cube.ide.mcu.externaltools.gnu-tools-for-stm32.11.3.rel1.win32_1.1.1.202309131626/tools/bin/../lib/gcc/arm-none-eabi/11.3.1/../../../../arm-none-eabi/lib/thumb/v7e-m+fp/hard\libc_nano.a(libc_a-errno.o)
                0x000000000800ab24                __errno
 .text.__libc_init_array
                0x000000000800ab30       0x48 C:/ST/STM32CubeIDE_1.13.2/STM32CubeIDE/plugins/com.st.stm32cube.ide.mcu.externaltools.gnu-tools-for-stm32.11.3.rel1.win32_1.1.1.202309131626/tools/bin/../lib/gcc/arm-none-eabi/11.3.1/../../../../arm-none-eabi/lib/thumb/v7e-m+fp/hard\libc_nano.a(libc_a-init.o)
                0x000000000800ab30                __libc_init_array
 .text.__retarget_lock_init_recursive
                0x000000000800ab78        0x2 C:/ST/STM32CubeIDE_1.13.2/STM32CubeIDE/plugins/com.st.stm32cube.ide.mcu.externaltools.gnu-tools-for-stm32.11.3.rel1.win32_1.1.1.202309131626/tools/bin/../lib/gcc/arm-none-eabi/11.3.1/../../../../arm-none-eabi/lib/thumb/v7e-m+fp/hard\libc_nano.a(libc_a-lock.o)
                0x000000000800ab78                __retarget_lock_init_recursive
 .text.__retarget_lock_acquire_recursive
                0x000000000800ab7a        0x2 C:/ST/STM32CubeIDE_1.13.2/STM32CubeIDE/plugins/com.st.stm32cube.ide.mcu.externaltools.gnu-tools-for-stm32.11.3.rel1.win32_1.1.1.202309131626/tools/bin/../lib/gcc/arm-none-eabi/11.3.1/../../../../arm-none-eabi/lib/thumb/v7e-m+fp/hard\libc_nano.a(libc_a-lock.o)
                0x000000000800ab7a                __retarget_lock_acquire_recursive
 .text.__retarget_lock_release_recursive
                0x000000000800ab7c        0x2 C:/ST/STM32CubeIDE_1.13.2/STM32CubeIDE/plugins/com.st.stm32cube.ide.mcu.externaltools.gnu-tools-for-stm32.11.3.rel1.win32_1.1.1.202309131626/tools/bin/../lib/gcc/arm-none-eabi/11.3.1/../../../../arm-none-eabi/lib/thumb/v7e-m+fp/hard\libc_nano.a(libc_a-lock.o)
                0x000000000800ab7c                __retarget_lock_release_recursive
 .text.memcpy   0x000000000800ab7e       0x1c C:/ST/STM32CubeIDE_1.13.2/STM32CubeIDE/plugins/com.st.stm32cube.ide.mcu.externaltools.gnu-tools-for-stm32.11.3.rel1.win32_1.1.1.202309131626/tools/bin/../lib/gcc/arm-none-eabi/11.3.1/../../../../arm-none-eabi/lib/thumb/v7e-m+fp/hard\libc_nano.a(libc_a-memcpy-stub.o)
                0x000000000800ab7e                memcpy
 *fill*         0x000000000800ab9a        0x6 
 .text.nan      0x000000000800aba0       0x10 C:/ST/STM32CubeIDE_1.13.2/STM32CubeIDE/plugins/com.st.stm32cube.ide.mcu.externaltools.gnu-tools-for-stm32.11.3.rel1.win32_1.1.1.202309131626/tools/bin/../lib/gcc/arm-none-eabi/11.3.1/../../../../arm-none-eabi/lib/thumb/v7e-m+fp/hard\libc_nano.a(libm_a-s_nan.o)
                0x000000000800aba0                nan
 .text.nanf     0x000000000800abb0        0xc C:/ST/STM32CubeIDE_1.13.2/STM32CubeIDE/plugins/com.st.stm32cube.ide.mcu.externaltools.gnu-tools-for-stm32.11.3.rel1.win32_1.1.1.202309131626/tools/bin/../lib/gcc/arm-none-eabi/11.3.1/../../../../arm-none-eabi/lib/thumb/v7e-m+fp/hard\libc_nano.a(libm_a-sf_nan.o)
                0x000000000800abb0                nanf
 .text.quorem   0x000000000800abbc      0x110 C:/ST/STM32CubeIDE_1.13.2/STM32CubeIDE/plugins/com.st.stm32cube.ide.mcu.externaltools.gnu-tools-for-stm32.11.3.rel1.win32_1.1.1.202309131626/tools/bin/../lib/gcc/arm-none-eabi/11.3.1/../../../../arm-none-eabi/lib/thumb/v7e-m+fp/hard\libc_nano.a(libc_a-dtoa.o)
 *fill*         0x000000000800accc        0x4 
 .text._dtoa_r  0x000000000800acd0      0xbe4 C:/ST/STM32CubeIDE_1.13.2/STM32CubeIDE/plugins/com.st.stm32cube.ide.mcu.externaltools.gnu-tools-for-stm32.11.3.rel1.win32_1.1.1.202309131626/tools/bin/../lib/gcc/arm-none-eabi/11.3.1/../../../../arm-none-eabi/lib/thumb/v7e-m+fp/hard\libc_nano.a(libc_a-dtoa.o)
                0x000000000800acd0                _dtoa_r
 .text._free_r  0x000000000800b8b4       0x98 C:/ST/STM32CubeIDE_1.13.2/STM32CubeIDE/plugins/com.st.stm32cube.ide.mcu.externaltools.gnu-tools-for-stm32.11.3.rel1.win32_1.1.1.202309131626/tools/bin/../lib/gcc/arm-none-eabi/11.3.1/../../../../arm-none-eabi/lib/thumb/v7e-m+fp/hard\libc_nano.a(libc_a-freer.o)
                0x000000000800b8b4                _free_r
 .text.rshift   0x000000000800b94c       0xa4 C:/ST/STM32CubeIDE_1.13.2/STM32CubeIDE/plugins/com.st.stm32cube.ide.mcu.externaltools.gnu-tools-for-stm32.11.3.rel1.win32_1.1.1.202309131626/tools/bin/../lib/gcc/arm-none-eabi/11.3.1/../../../../arm-none-eabi/lib/thumb/v7e-m+fp/hard\libc_nano.a(libc_a-gdtoa-gethex.o)
 .text.__hexdig_fun
                0x000000000800b9f0       0x2a C:/ST/STM32CubeIDE_1.13.2/STM32CubeIDE/plugins/com.st.stm32cube.ide.mcu.externaltools.gnu-tools-for-stm32.11.3.rel1.win32_1.1.1.202309131626/tools/bin/../lib/gcc/arm-none-eabi/11.3.1/../../../../arm-none-eabi/lib/thumb/v7e-m+fp/hard\libc_nano.a(libc_a-gdtoa-gethex.o)
                0x000000000800b9f0                __hexdig_fun
 *fill*         0x000000000800ba1a        0x2 
 .text.__gethex
                0x000000000800ba1c      0x45c C:/ST/STM32CubeIDE_1.13.2/STM32CubeIDE/plugins/com.st.stm32cube.ide.mcu.externaltools.gnu-tools-for-stm32.11.3.rel1.win32_1.1.1.202309131626/tools/bin/../lib/gcc/arm-none-eabi/11.3.1/../../../../arm-none-eabi/lib/thumb/v7e-m+fp/hard\libc_nano.a(libc_a-gdtoa-gethex.o)
                0x000000000800ba1c                __gethex
 .text.L_shift  0x000000000800be78       0x24 C:/ST/STM32CubeIDE_1.13.2/STM32CubeIDE/plugins/com.st.stm32cube.ide.mcu.externaltools.gnu-tools-for-stm32.11.3.rel1.win32_1.1.1.202309131626/tools/bin/../lib/gcc/arm-none-eabi/11.3.1/../../../../arm-none-eabi/lib/thumb/v7e-m+fp/hard\libc_nano.a(libc_a-gdtoa-hexnan.o)
 .text.__match  0x000000000800be9c       0x28 C:/ST/STM32CubeIDE_1.13.2/STM32CubeIDE/plugins/com.st.stm32cube.ide.mcu.externaltools.gnu-tools-for-stm32.11.3.rel1.win32_1.1.1.202309131626/tools/bin/../lib/gcc/arm-none-eabi/11.3.1/../../../../arm-none-eabi/lib/thumb/v7e-m+fp/hard\libc_nano.a(libc_a-gdtoa-hexnan.o)
                0x000000000800be9c                __match
 .text.__hexnan
                0x000000000800bec4      0x136 C:/ST/STM32CubeIDE_1.13.2/STM32CubeIDE/plugins/com.st.stm32cube.ide.mcu.externaltools.gnu-tools-for-stm32.11.3.rel1.win32_1.1.1.202309131626/tools/bin/../lib/gcc/arm-none-eabi/11.3.1/../../../../arm-none-eabi/lib/thumb/v7e-m+fp/hard\libc_nano.a(libc_a-gdtoa-hexnan.o)
                0x000000000800bec4                __hexnan
 *fill*         0x000000000800bffa        0x2 
 .text.malloc   0x000000000800bffc       0x10 C:/ST/STM32CubeIDE_1.13.2/STM32CubeIDE/plugins/com.st.stm32cube.ide.mcu.externaltools.gnu-tools-for-stm32.11.3.rel1.win32_1.1.1.202309131626/tools/bin/../lib/gcc/arm-none-eabi/11.3.1/../../../../arm-none-eabi/lib/thumb/v7e-m+fp/hard\libc_nano.a(libc_a-malloc.o)
                0x000000000800bffc                malloc
 .text.sbrk_aligned
                0x000000000800c00c       0x40 C:/ST/STM32CubeIDE_1.13.2/STM32CubeIDE/plugins/com.st.stm32cube.ide.mcu.externaltools.gnu-tools-for-stm32.11.3.rel1.win32_1.1.1.202309131626/tools/bin/../lib/gcc/arm-none-eabi/11.3.1/../../../../arm-none-eabi/lib/thumb/v7e-m+fp/hard\libc_nano.a(libc_a-mallocr.o)
 .text._malloc_r
                0x000000000800c04c      0x100 C:/ST/STM32CubeIDE_1.13.2/STM32CubeIDE/plugins/com.st.stm32cube.ide.mcu.externaltools.gnu-tools-for-stm32.11.3.rel1.win32_1.1.1.202309131626/tools/bin/../lib/gcc/arm-none-eabi/11.3.1/../../../../arm-none-eabi/lib/thumb/v7e-m+fp/hard\libc_nano.a(libc_a-mallocr.o)
                0x000000000800c04c                _malloc_r
 .text.__ascii_mbtowc
                0x000000000800c14c       0x24 C:/ST/STM32CubeIDE_1.13.2/STM32CubeIDE/plugins/com.st.stm32cube.ide.mcu.externaltools.gnu-tools-for-stm32.11.3.rel1.win32_1.1.1.202309131626/tools/bin/../lib/gcc/arm-none-eabi/11.3.1/../../../../arm-none-eabi/lib/thumb/v7e-m+fp/hard\libc_nano.a(libc_a-mbtowc_r.o)
                0x000000000800c14c                __ascii_mbtowc
 .text.__malloc_lock
                0x000000000800c170        0xc C:/ST/STM32CubeIDE_1.13.2/STM32CubeIDE/plugins/com.st.stm32cube.ide.mcu.externaltools.gnu-tools-for-stm32.11.3.rel1.win32_1.1.1.202309131626/tools/bin/../lib/gcc/arm-none-eabi/11.3.1/../../../../arm-none-eabi/lib/thumb/v7e-m+fp/hard\libc_nano.a(libc_a-mlock.o)
                0x000000000800c170                __malloc_lock
 .text.__malloc_unlock
                0x000000000800c17c        0xc C:/ST/STM32CubeIDE_1.13.2/STM32CubeIDE/plugins/com.st.stm32cube.ide.mcu.externaltools.gnu-tools-for-stm32.11.3.rel1.win32_1.1.1.202309131626/tools/bin/../lib/gcc/arm-none-eabi/11.3.1/../../../../arm-none-eabi/lib/thumb/v7e-m+fp/hard\libc_nano.a(libc_a-mlock.o)
                0x000000000800c17c                __malloc_unlock
 .text._Balloc  0x000000000800c188       0x80 C:/ST/STM32CubeIDE_1.13.2/STM32CubeIDE/plugins/com.st.stm32cube.ide.mcu.externaltools.gnu-tools-for-stm32.11.3.rel1.win32_1.1.1.202309131626/tools/bin/../lib/gcc/arm-none-eabi/11.3.1/../../../../arm-none-eabi/lib/thumb/v7e-m+fp/hard\libc_nano.a(libc_a-mprec.o)
                0x000000000800c188                _Balloc
 .text._Bfree   0x000000000800c208       0x44 C:/ST/STM32CubeIDE_1.13.2/STM32CubeIDE/plugins/com.st.stm32cube.ide.mcu.externaltools.gnu-tools-for-stm32.11.3.rel1.win32_1.1.1.202309131626/tools/bin/../lib/gcc/arm-none-eabi/11.3.1/../../../../arm-none-eabi/lib/thumb/v7e-m+fp/hard\libc_nano.a(libc_a-mprec.o)
                0x000000000800c208                _Bfree
 .text.__multadd
                0x000000000800c24c       0x8c C:/ST/STM32CubeIDE_1.13.2/STM32CubeIDE/plugins/com.st.stm32cube.ide.mcu.externaltools.gnu-tools-for-stm32.11.3.rel1.win32_1.1.1.202309131626/tools/bin/../lib/gcc/arm-none-eabi/11.3.1/../../../../arm-none-eabi/lib/thumb/v7e-m+fp/hard\libc_nano.a(libc_a-mprec.o)
                0x000000000800c24c                __multadd
 .text.__s2b    0x000000000800c2d8       0x94 C:/ST/STM32CubeIDE_1.13.2/STM32CubeIDE/plugins/com.st.stm32cube.ide.mcu.externaltools.gnu-tools-for-stm32.11.3.rel1.win32_1.1.1.202309131626/tools/bin/../lib/gcc/arm-none-eabi/11.3.1/../../../../arm-none-eabi/lib/thumb/v7e-m+fp/hard\libc_nano.a(libc_a-mprec.o)
                0x000000000800c2d8                __s2b
 .text.__hi0bits
                0x000000000800c36c       0x40 C:/ST/STM32CubeIDE_1.13.2/STM32CubeIDE/plugins/com.st.stm32cube.ide.mcu.externaltools.gnu-tools-for-stm32.11.3.rel1.win32_1.1.1.202309131626/tools/bin/../lib/gcc/arm-none-eabi/11.3.1/../../../../arm-none-eabi/lib/thumb/v7e-m+fp/hard\libc_nano.a(libc_a-mprec.o)
                0x000000000800c36c                __hi0bits
 .text.__lo0bits
                0x000000000800c3ac       0x5a C:/ST/STM32CubeIDE_1.13.2/STM32CubeIDE/plugins/com.st.stm32cube.ide.mcu.externaltools.gnu-tools-for-stm32.11.3.rel1.win32_1.1.1.202309131626/tools/bin/../lib/gcc/arm-none-eabi/11.3.1/../../../../arm-none-eabi/lib/thumb/v7e-m+fp/hard\libc_nano.a(libc_a-mprec.o)
                0x000000000800c3ac                __lo0bits
 *fill*         0x000000000800c406        0x2 
 .text.__i2b    0x000000000800c408       0x2c C:/ST/STM32CubeIDE_1.13.2/STM32CubeIDE/plugins/com.st.stm32cube.ide.mcu.externaltools.gnu-tools-for-stm32.11.3.rel1.win32_1.1.1.202309131626/tools/bin/../lib/gcc/arm-none-eabi/11.3.1/../../../../arm-none-eabi/lib/thumb/v7e-m+fp/hard\libc_nano.a(libc_a-mprec.o)
                0x000000000800c408                __i2b
 .text.__multiply
                0x000000000800c434      0x154 C:/ST/STM32CubeIDE_1.13.2/STM32CubeIDE/plugins/com.st.stm32cube.ide.mcu.externaltools.gnu-tools-for-stm32.11.3.rel1.win32_1.1.1.202309131626/tools/bin/../lib/gcc/arm-none-eabi/11.3.1/../../../../arm-none-eabi/lib/thumb/v7e-m+fp/hard\libc_nano.a(libc_a-mprec.o)
                0x000000000800c434                __multiply
 .text.__pow5mult
                0x000000000800c588       0xb4 C:/ST/STM32CubeIDE_1.13.2/STM32CubeIDE/plugins/com.st.stm32cube.ide.mcu.externaltools.gnu-tools-for-stm32.11.3.rel1.win32_1.1.1.202309131626/tools/bin/../lib/gcc/arm-none-eabi/11.3.1/../../../../arm-none-eabi/lib/thumb/v7e-m+fp/hard\libc_nano.a(libc_a-mprec.o)
                0x000000000800c588                __pow5mult
 .text.__lshift
                0x000000000800c63c       0xd8 C:/ST/STM32CubeIDE_1.13.2/STM32CubeIDE/plugins/com.st.stm32cube.ide.mcu.externaltools.gnu-tools-for-stm32.11.3.rel1.win32_1.1.1.202309131626/tools/bin/../lib/gcc/arm-none-eabi/11.3.1/../../../../arm-none-eabi/lib/thumb/v7e-m+fp/hard\libc_nano.a(libc_a-mprec.o)
                0x000000000800c63c                __lshift
 .text.__mcmp   0x000000000800c714       0x38 C:/ST/STM32CubeIDE_1.13.2/STM32CubeIDE/plugins/com.st.stm32cube.ide.mcu.externaltools.gnu-tools-for-stm32.11.3.rel1.win32_1.1.1.202309131626/tools/bin/../lib/gcc/arm-none-eabi/11.3.1/../../../../arm-none-eabi/lib/thumb/v7e-m+fp/hard\libc_nano.a(libc_a-mprec.o)
                0x000000000800c714                __mcmp
 .text.__mdiff  0x000000000800c74c      0x114 C:/ST/STM32CubeIDE_1.13.2/STM32CubeIDE/plugins/com.st.stm32cube.ide.mcu.externaltools.gnu-tools-for-stm32.11.3.rel1.win32_1.1.1.202309131626/tools/bin/../lib/gcc/arm-none-eabi/11.3.1/../../../../arm-none-eabi/lib/thumb/v7e-m+fp/hard\libc_nano.a(libc_a-mprec.o)
                0x000000000800c74c                __mdiff
 .text.__ulp    0x000000000800c860       0x4c C:/ST/STM32CubeIDE_1.13.2/STM32CubeIDE/plugins/com.st.stm32cube.ide.mcu.externaltools.gnu-tools-for-stm32.11.3.rel1.win32_1.1.1.202309131626/tools/bin/../lib/gcc/arm-none-eabi/11.3.1/../../../../arm-none-eabi/lib/thumb/v7e-m+fp/hard\libc_nano.a(libc_a-mprec.o)
                0x000000000800c860                __ulp
 .text.__b2d    0x000000000800c8ac       0x94 C:/ST/STM32CubeIDE_1.13.2/STM32CubeIDE/plugins/com.st.stm32cube.ide.mcu.externaltools.gnu-tools-for-stm32.11.3.rel1.win32_1.1.1.202309131626/tools/bin/../lib/gcc/arm-none-eabi/11.3.1/../../../../arm-none-eabi/lib/thumb/v7e-m+fp/hard\libc_nano.a(libc_a-mprec.o)
                0x000000000800c8ac                __b2d
 .text.__d2b    0x000000000800c940       0xb4 C:/ST/STM32CubeIDE_1.13.2/STM32CubeIDE/plugins/com.st.stm32cube.ide.mcu.externaltools.gnu-tools-for-stm32.11.3.rel1.win32_1.1.1.202309131626/tools/bin/../lib/gcc/arm-none-eabi/11.3.1/../../../../arm-none-eabi/lib/thumb/v7e-m+fp/hard\libc_nano.a(libc_a-mprec.o)
                0x000000000800c940                __d2b
 .text.__ratio  0x000000000800c9f4       0x66 C:/ST/STM32CubeIDE_1.13.2/STM32CubeIDE/plugins/com.st.stm32cube.ide.mcu.externaltools.gnu-tools-for-stm32.11.3.rel1.win32_1.1.1.202309131626/tools/bin/../lib/gcc/arm-none-eabi/11.3.1/../../../../arm-none-eabi/lib/thumb/v7e-m+fp/hard\libc_nano.a(libc_a-mprec.o)
                0x000000000800c9f4                __ratio
 .text.__copybits
                0x000000000800ca5a       0x46 C:/ST/STM32CubeIDE_1.13.2/STM32CubeIDE/plugins/com.st.stm32cube.ide.mcu.externaltools.gnu-tools-for-stm32.11.3.rel1.win32_1.1.1.202309131626/tools/bin/../lib/gcc/arm-none-eabi/11.3.1/../../../../arm-none-eabi/lib/thumb/v7e-m+fp/hard\libc_nano.a(libc_a-mprec.o)
                0x000000000800ca5a                __copybits
 .text.__any_on
                0x000000000800caa0       0x42 C:/ST/STM32CubeIDE_1.13.2/STM32CubeIDE/plugins/com.st.stm32cube.ide.mcu.externaltools.gnu-tools-for-stm32.11.3.rel1.win32_1.1.1.202309131626/tools/bin/../lib/gcc/arm-none-eabi/11.3.1/../../../../arm-none-eabi/lib/thumb/v7e-m+fp/hard\libc_nano.a(libc_a-mprec.o)
                0x000000000800caa0                __any_on
 .text.__ascii_wctomb
                0x000000000800cae2       0x1a C:/ST/STM32CubeIDE_1.13.2/STM32CubeIDE/plugins/com.st.stm32cube.ide.mcu.externaltools.gnu-tools-for-stm32.11.3.rel1.win32_1.1.1.202309131626/tools/bin/../lib/gcc/arm-none-eabi/11.3.1/../../../../arm-none-eabi/lib/thumb/v7e-m+fp/hard\libc_nano.a(libc_a-wctomb_r.o)
                0x000000000800cae2                __ascii_wctomb
 .text.__ssputs_r
                0x000000000800cafc       0xb4 C:/ST/STM32CubeIDE_1.13.2/STM32CubeIDE/plugins/com.st.stm32cube.ide.mcu.externaltools.gnu-tools-for-stm32.11.3.rel1.win32_1.1.1.202309131626/tools/bin/../lib/gcc/arm-none-eabi/11.3.1/../../../../arm-none-eabi/lib/thumb/v7e-m+fp/hard\libc_nano.a(libc_a-nano-svfprintf.o)
                0x000000000800cafc                __ssputs_r
 .text._svfprintf_r
                0x000000000800cbb0      0x1fc C:/ST/STM32CubeIDE_1.13.2/STM32CubeIDE/plugins/com.st.stm32cube.ide.mcu.externaltools.gnu-tools-for-stm32.11.3.rel1.win32_1.1.1.202309131626/tools/bin/../lib/gcc/arm-none-eabi/11.3.1/../../../../arm-none-eabi/lib/thumb/v7e-m+fp/hard\libc_nano.a(libc_a-nano-svfprintf.o)
                0x000000000800cbb0                _svfiprintf_r
                0x000000000800cbb0                _svfprintf_r
 .text.__sflush_r
                0x000000000800cdac      0x10c C:/ST/STM32CubeIDE_1.13.2/STM32CubeIDE/plugins/com.st.stm32cube.ide.mcu.externaltools.gnu-tools-for-stm32.11.3.rel1.win32_1.1.1.202309131626/tools/bin/../lib/gcc/arm-none-eabi/11.3.1/../../../../arm-none-eabi/lib/thumb/v7e-m+fp/hard\libc_nano.a(libc_a-fflush.o)
                0x000000000800cdac                __sflush_r
 .text._fflush_r
                0x000000000800ceb8       0x50 C:/ST/STM32CubeIDE_1.13.2/STM32CubeIDE/plugins/com.st.stm32cube.ide.mcu.externaltools.gnu-tools-for-stm32.11.3.rel1.win32_1.1.1.202309131626/tools/bin/../lib/gcc/arm-none-eabi/11.3.1/../../../../arm-none-eabi/lib/thumb/v7e-m+fp/hard\libc_nano.a(libc_a-fflush.o)
                0x000000000800ceb8                _fflush_r
 .text.memmove  0x000000000800cf08       0x34 C:/ST/STM32CubeIDE_1.13.2/STM32CubeIDE/plugins/com.st.stm32cube.ide.mcu.externaltools.gnu-tools-for-stm32.11.3.rel1.win32_1.1.1.202309131626/tools/bin/../lib/gcc/arm-none-eabi/11.3.1/../../../../arm-none-eabi/lib/thumb/v7e-m+fp/hard\libc_nano.a(libc_a-memmove.o)
                0x000000000800cf08                memmove
 .text._sbrk_r  0x000000000800cf3c       0x20 C:/ST/STM32CubeIDE_1.13.2/STM32CubeIDE/plugins/com.st.stm32cube.ide.mcu.externaltools.gnu-tools-for-stm32.11.3.rel1.win32_1.1.1.202309131626/tools/bin/../lib/gcc/arm-none-eabi/11.3.1/../../../../arm-none-eabi/lib/thumb/v7e-m+fp/hard\libc_nano.a(libc_a-sbrkr.o)
                0x000000000800cf3c                _sbrk_r
 .text.__assert_func
                0x000000000800cf5c       0x3c C:/ST/STM32CubeIDE_1.13.2/STM32CubeIDE/plugins/com.st.stm32cube.ide.mcu.externaltools.gnu-tools-for-stm32.11.3.rel1.win32_1.1.1.202309131626/tools/bin/../lib/gcc/arm-none-eabi/11.3.1/../../../../arm-none-eabi/lib/thumb/v7e-m+fp/hard\libc_nano.a(libc_a-assert.o)
                0x000000000800cf5c                __assert_func
 .text._calloc_r
                0x000000000800cf98       0x2c C:/ST/STM32CubeIDE_1.13.2/STM32CubeIDE/plugins/com.st.stm32cube.ide.mcu.externaltools.gnu-tools-for-stm32.11.3.rel1.win32_1.1.1.202309131626/tools/bin/../lib/gcc/arm-none-eabi/11.3.1/../../../../arm-none-eabi/lib/thumb/v7e-m+fp/hard\libc_nano.a(libc_a-callocr.o)
                0x000000000800cf98                _calloc_r
 .text._realloc_r
                0x000000000800cfc4       0x5e C:/ST/STM32CubeIDE_1.13.2/STM32CubeIDE/plugins/com.st.stm32cube.ide.mcu.externaltools.gnu-tools-for-stm32.11.3.rel1.win32_1.1.1.202309131626/tools/bin/../lib/gcc/arm-none-eabi/11.3.1/../../../../arm-none-eabi/lib/thumb/v7e-m+fp/hard\libc_nano.a(libc_a-reallocr.o)
                0x000000000800cfc4                _realloc_r
 *fill*         0x000000000800d022        0x2 
 .text.fprintf  0x000000000800d024       0x24 C:/ST/STM32CubeIDE_1.13.2/STM32CubeIDE/plugins/com.st.stm32cube.ide.mcu.externaltools.gnu-tools-for-stm32.11.3.rel1.win32_1.1.1.202309131626/tools/bin/../lib/gcc/arm-none-eabi/11.3.1/../../../../arm-none-eabi/lib/thumb/v7e-m+fp/hard\libc_nano.a(libc_a-fprintf.o)
                0x000000000800d024                fiprintf
                0x000000000800d024                fprintf
 .text.abort    0x000000000800d048        0xe C:/ST/STM32CubeIDE_1.13.2/STM32CubeIDE/plugins/com.st.stm32cube.ide.mcu.externaltools.gnu-tools-for-stm32.11.3.rel1.win32_1.1.1.202309131626/tools/bin/../lib/gcc/arm-none-eabi/11.3.1/../../../../arm-none-eabi/lib/thumb/v7e-m+fp/hard\libc_nano.a(libc_a-abort.o)
                0x000000000800d048                abort
 .text._malloc_usable_size_r
                0x000000000800d056       0x10 C:/ST/STM32CubeIDE_1.13.2/STM32CubeIDE/plugins/com.st.stm32cube.ide.mcu.externaltools.gnu-tools-for-stm32.11.3.rel1.win32_1.1.1.202309131626/tools/bin/../lib/gcc/arm-none-eabi/11.3.1/../../../../arm-none-eabi/lib/thumb/v7e-m+fp/hard\libc_nano.a(libc_a-msizer.o)
                0x000000000800d056                _malloc_usable_size_r
 .text.__sfputc_r
                0x000000000800d066       0x2e C:/ST/STM32CubeIDE_1.13.2/STM32CubeIDE/plugins/com.st.stm32cube.ide.mcu.externaltools.gnu-tools-for-stm32.11.3.rel1.win32_1.1.1.202309131626/tools/bin/../lib/gcc/arm-none-eabi/11.3.1/../../../../arm-none-eabi/lib/thumb/v7e-m+fp/hard\libc_nano.a(libc_a-nano-vfprintf.o)
 .text.__sfputs_r
                0x000000000800d094       0x24 C:/ST/STM32CubeIDE_1.13.2/STM32CubeIDE/plugins/com.st.stm32cube.ide.mcu.externaltools.gnu-tools-for-stm32.11.3.rel1.win32_1.1.1.202309131626/tools/bin/../lib/gcc/arm-none-eabi/11.3.1/../../../../arm-none-eabi/lib/thumb/v7e-m+fp/hard\libc_nano.a(libc_a-nano-vfprintf.o)
                0x000000000800d094                __sfputs_r
 .text._vfprintf_r
                0x000000000800d0b8      0x234 C:/ST/STM32CubeIDE_1.13.2/STM32CubeIDE/plugins/com.st.stm32cube.ide.mcu.externaltools.gnu-tools-for-stm32.11.3.rel1.win32_1.1.1.202309131626/tools/bin/../lib/gcc/arm-none-eabi/11.3.1/../../../../arm-none-eabi/lib/thumb/v7e-m+fp/hard\libc_nano.a(libc_a-nano-vfprintf.o)
                0x000000000800d0b8                _vfprintf_r
                0x000000000800d0b8                _vfiprintf_r
 .text.__swbuf_r
                0x000000000800d2ec       0x7a C:/ST/STM32CubeIDE_1.13.2/STM32CubeIDE/plugins/com.st.stm32cube.ide.mcu.externaltools.gnu-tools-for-stm32.11.3.rel1.win32_1.1.1.202309131626/tools/bin/../lib/gcc/arm-none-eabi/11.3.1/../../../../arm-none-eabi/lib/thumb/v7e-m+fp/hard\libc_nano.a(libc_a-wbuf.o)
                0x000000000800d2ec                __swbuf_r
 *fill*         0x000000000800d366        0x2 
 .text.__swsetup_r
                0x000000000800d368       0xb0 C:/ST/STM32CubeIDE_1.13.2/STM32CubeIDE/plugins/com.st.stm32cube.ide.mcu.externaltools.gnu-tools-for-stm32.11.3.rel1.win32_1.1.1.202309131626/tools/bin/../lib/gcc/arm-none-eabi/11.3.1/../../../../arm-none-eabi/lib/thumb/v7e-m+fp/hard\libc_nano.a(libc_a-wsetup.o)
                0x000000000800d368                __swsetup_r
 .text._raise_r
                0x000000000800d418       0x50 C:/ST/STM32CubeIDE_1.13.2/STM32CubeIDE/plugins/com.st.stm32cube.ide.mcu.externaltools.gnu-tools-for-stm32.11.3.rel1.win32_1.1.1.202309131626/tools/bin/../lib/gcc/arm-none-eabi/11.3.1/../../../../arm-none-eabi/lib/thumb/v7e-m+fp/hard\libc_nano.a(libc_a-signal.o)
                0x000000000800d418                _raise_r
 .text.raise    0x000000000800d468       0x10 C:/ST/STM32CubeIDE_1.13.2/STM32CubeIDE/plugins/com.st.stm32cube.ide.mcu.externaltools.gnu-tools-for-stm32.11.3.rel1.win32_1.1.1.202309131626/tools/bin/../lib/gcc/arm-none-eabi/11.3.1/../../../../arm-none-eabi/lib/thumb/v7e-m+fp/hard\libc_nano.a(libc_a-signal.o)
                0x000000000800d468                raise
 .text._kill_r  0x000000000800d478       0x24 C:/ST/STM32CubeIDE_1.13.2/STM32CubeIDE/plugins/com.st.stm32cube.ide.mcu.externaltools.gnu-tools-for-stm32.11.3.rel1.win32_1.1.1.202309131626/tools/bin/../lib/gcc/arm-none-eabi/11.3.1/../../../../arm-none-eabi/lib/thumb/v7e-m+fp/hard\libc_nano.a(libc_a-signalr.o)
                0x000000000800d478                _kill_r
 .text._getpid_r
                0x000000000800d49c        0x4 C:/ST/STM32CubeIDE_1.13.2/STM32CubeIDE/plugins/com.st.stm32cube.ide.mcu.externaltools.gnu-tools-for-stm32.11.3.rel1.win32_1.1.1.202309131626/tools/bin/../lib/gcc/arm-none-eabi/11.3.1/../../../../arm-none-eabi/lib/thumb/v7e-m+fp/hard\libc_nano.a(libc_a-signalr.o)
                0x000000000800d49c                _getpid_r
 .text.__swhatbuf_r
                0x000000000800d4a0       0x4c C:/ST/STM32CubeIDE_1.13.2/STM32CubeIDE/plugins/com.st.stm32cube.ide.mcu.externaltools.gnu-tools-for-stm32.11.3.rel1.win32_1.1.1.202309131626/tools/bin/../lib/gcc/arm-none-eabi/11.3.1/../../../../arm-none-eabi/lib/thumb/v7e-m+fp/hard\libc_nano.a(libc_a-makebuf.o)
                0x000000000800d4a0                __swhatbuf_r
 .text.__smakebuf_r
                0x000000000800d4ec       0x78 C:/ST/STM32CubeIDE_1.13.2/STM32CubeIDE/plugins/com.st.stm32cube.ide.mcu.externaltools.gnu-tools-for-stm32.11.3.rel1.win32_1.1.1.202309131626/tools/bin/../lib/gcc/arm-none-eabi/11.3.1/../../../../arm-none-eabi/lib/thumb/v7e-m+fp/hard\libc_nano.a(libc_a-makebuf.o)
                0x000000000800d4ec                __smakebuf_r
 .text._fstat_r
                0x000000000800d564       0x24 C:/ST/STM32CubeIDE_1.13.2/STM32CubeIDE/plugins/com.st.stm32cube.ide.mcu.externaltools.gnu-tools-for-stm32.11.3.rel1.win32_1.1.1.202309131626/tools/bin/../lib/gcc/arm-none-eabi/11.3.1/../../../../arm-none-eabi/lib/thumb/v7e-m+fp/hard\libc_nano.a(libc_a-fstatr.o)
                0x000000000800d564                _fstat_r
 .text._isatty_r
                0x000000000800d588       0x20 C:/ST/STM32CubeIDE_1.13.2/STM32CubeIDE/plugins/com.st.stm32cube.ide.mcu.externaltools.gnu-tools-for-stm32.11.3.rel1.win32_1.1.1.202309131626/tools/bin/../lib/gcc/arm-none-eabi/11.3.1/../../../../arm-none-eabi/lib/thumb/v7e-m+fp/hard\libc_nano.a(libc_a-isattyr.o)
                0x000000000800d588                _isatty_r
 *(.glue_7)
 .glue_7        0x000000000800d5a8        0x0 linker stubs
 *(.glue_7t)
 .glue_7t       0x000000000800d5a8        0x0 linker stubs
 *(.eh_frame)
 .eh_frame      0x000000000800d5a8        0x0 C:/ST/STM32CubeIDE_1.13.2/STM32CubeIDE/plugins/com.st.stm32cube.ide.mcu.externaltools.gnu-tools-for-stm32.11.3.rel1.win32_1.1.1.202309131626/tools/bin/../lib/gcc/arm-none-eabi/11.3.1/thumb/v7e-m+fp/hard/crtbegin.o
 *(.init)
 .init          0x000000000800d5a8        0x4 C:/ST/STM32CubeIDE_1.13.2/STM32CubeIDE/plugins/com.st.stm32cube.ide.mcu.externaltools.gnu-tools-for-stm32.11.3.rel1.win32_1.1.1.202309131626/tools/bin/../lib/gcc/arm-none-eabi/11.3.1/thumb/v7e-m+fp/hard/crti.o
                0x000000000800d5a8                _init
 .init          0x000000000800d5ac        0x8 C:/ST/STM32CubeIDE_1.13.2/STM32CubeIDE/plugins/com.st.stm32cube.ide.mcu.externaltools.gnu-tools-for-stm32.11.3.rel1.win32_1.1.1.202309131626/tools/bin/../lib/gcc/arm-none-eabi/11.3.1/thumb/v7e-m+fp/hard/crtn.o
 *(.fini)
 .fini          0x000000000800d5b4        0x4 C:/ST/STM32CubeIDE_1.13.2/STM32CubeIDE/plugins/com.st.stm32cube.ide.mcu.externaltools.gnu-tools-for-stm32.11.3.rel1.win32_1.1.1.202309131626/tools/bin/../lib/gcc/arm-none-eabi/11.3.1/thumb/v7e-m+fp/hard/crti.o
                0x000000000800d5b4                _fini
 .fini          0x000000000800d5b8        0x8 C:/ST/STM32CubeIDE_1.13.2/STM32CubeIDE/plugins/com.st.stm32cube.ide.mcu.externaltools.gnu-tools-for-stm32.11.3.rel1.win32_1.1.1.202309131626/tools/bin/../lib/gcc/arm-none-eabi/11.3.1/thumb/v7e-m+fp/hard/crtn.o
                0x000000000800d5c0                . = ALIGN (0x4)
                0x000000000800d5c0                _etext = .

.vfp11_veneer   0x000000000800d5c0        0x0
 .vfp11_veneer  0x000000000800d5c0        0x0 linker stubs

.v4_bx          0x000000000800d5c0        0x0
 .v4_bx         0x000000000800d5c0        0x0 linker stubs

.iplt           0x000000000800d5c0        0x0
 .iplt          0x000000000800d5c0        0x0 C:/ST/STM32CubeIDE_1.13.2/STM32CubeIDE/plugins/com.st.stm32cube.ide.mcu.externaltools.gnu-tools-for-stm32.11.3.rel1.win32_1.1.1.202309131626/tools/bin/../lib/gcc/arm-none-eabi/11.3.1/thumb/v7e-m+fp/hard/crtbegin.o

.rodata         0x000000000800d5c0      0xaac