../Core/Src/main.c:103:5:main	208	static
../Core/Src/main.c:186:6:SystemClock_Config	88	static
../Core/Src/main.c:233:13:MX_TIM1_Init	96	static
../Core/Src/main.c:308:13:MX_TIM3_Init	48	static
../Core/Src/main.c:357:13:MX_USART1_UART_Init	8	static
../Core/Src/main.c:390:13:MX_USART2_UART_Init	8	static
../Core/Src/main.c:423:13:MX_USART6_UART_Init	8	static
../Core/Src/main.c:456:13:MX_GPIO_Init	48	static
../Core/Src/main.c:489:6:processUartData	16	static
../Core/Src/main.c:507:6:HAL_UART_RxCpltCallback	16	static
../Core/Src/main.c:522:6:Error_Handler	4	static,ignoring_inline_asm
