../Core/Src/main.c:109:5:main	248	static
../Core/Src/main.c:212:6:SystemClock_Config	88	static
../Core/Src/main.c:259:13:MX_SPI1_Init	8	static
../Core/Src/main.c:297:13:MX_SPI2_Init	8	static
../Core/Src/main.c:335:13:MX_TIM1_Init	96	static
../Core/Src/main.c:410:13:MX_USART1_UART_Init	8	static
../Core/Src/main.c:443:13:MX_USART2_UART_Init	8	static
../Core/Src/main.c:476:13:MX_USART6_UART_Init	8	static
../Core/Src/main.c:509:13:MX_GPIO_Init	48	static
../Core/Src/main.c:562:6:processUartData	16	static
../Core/Src/main.c:580:6:HAL_UART_RxCpltCallback	16	static
../Core/Src/main.c:595:6:Error_Handler	4	static,ignoring_inline_asm
